CRITICAL - 2026-01-28 01:15:39 --> TypeError: Unsupported operand types: string / string
[Method: GET, Route: cart/saveRecipient]
in APPPATH\Controllers\CartController.php on line 1097.
 1 SYSTEMPATH\CodeIgniter.php(933): App\Controllers\CartController->saveRecipient()
 2 SYSTEMPATH\CodeIgniter.php(509): CodeIgniter\CodeIgniter->runController(Object(App\Controllers\CartController))
 3 SYSTEMPATH\CodeIgniter.php(355): CodeIgniter\CodeIgniter->handleRequest(null, Object(Config\Cache), false)
 4 SYSTEMPATH\Boot.php(325): CodeIgniter\CodeIgniter->run()
 5 SYSTEMPATH\Boot.php(67): CodeIgniter\Boot::runCodeIgniter(Object(CodeIgniter\CodeIgniter))
 6 FCPATH\index.php(56): CodeIgniter\Boot::bootWeb(Object(Config\Paths))
 7 ROOTPATH\index.php(7): require_once('D:\\x8\\htdocs\\thecup\\public\\index.php')
CRITICAL - 2026-01-28 01:15:50 --> TypeError: Unsupported operand types: string / string
[Method: GET, Route: cart/saveRecipient]
in APPPATH\Controllers\CartController.php on line 1097.
 1 SYSTEMPATH\CodeIgniter.php(933): App\Controllers\CartController->saveRecipient()
 2 SYSTEMPATH\CodeIgniter.php(509): CodeIgniter\CodeIgniter->runController(Object(App\Controllers\CartController))
 3 SYSTEMPATH\CodeIgniter.php(355): CodeIgniter\CodeIgniter->handleRequest(null, Object(Config\Cache), false)
 4 SYSTEMPATH\Boot.php(325): CodeIgniter\CodeIgniter->run()
 5 SYSTEMPATH\Boot.php(67): CodeIgniter\Boot::runCodeIgniter(Object(CodeIgniter\CodeIgniter))
 6 FCPATH\index.php(56): CodeIgniter\Boot::bootWeb(Object(Config\Paths))
 7 ROOTPATH\index.php(7): require_once('D:\\x8\\htdocs\\thecup\\public\\index.php')
CRITICAL - 2026-01-28 01:15:53 --> TypeError: Unsupported operand types: string / string
[Method: GET, Route: cart/saveRecipient]
in APPPATH\Controllers\CartController.php on line 1097.
 1 SYSTEMPATH\CodeIgniter.php(933): App\Controllers\CartController->saveRecipient()
 2 SYSTEMPATH\CodeIgniter.php(509): CodeIgniter\CodeIgniter->runController(Object(App\Controllers\CartController))
 3 SYSTEMPATH\CodeIgniter.php(355): CodeIgniter\CodeIgniter->handleRequest(null, Object(Config\Cache), false)
 4 SYSTEMPATH\Boot.php(325): CodeIgniter\CodeIgniter->run()
 5 SYSTEMPATH\Boot.php(67): CodeIgniter\Boot::runCodeIgniter(Object(CodeIgniter\CodeIgniter))
 6 FCPATH\index.php(56): CodeIgniter\Boot::bootWeb(Object(Config\Paths))
 7 ROOTPATH\index.php(7): require_once('D:\\x8\\htdocs\\thecup\\public\\index.php')
CRITICAL - 2026-01-28 01:17:46 --> ErrorException: Undefined variable $28
[Method: GET, Route: cart/recipient/2]
in APPPATH\Views\front-end\recipient\index.php on line 532.
 1 APPPATH\Views\front-end\recipient\index.php(532): CodeIgniter\Debug\Exceptions->errorHandler(2, 'Undefined variable $28', 'D:\\x8\\htdocs\\thecup\\app\\Views\\front-end\\recipient\\index.php', 532)
 2 APPPATH\Views\front-end\main.php(12): include('D:\\x8\\htdocs\\thecup\\app\\Views\\front-end\\recipient\\index.php')
 3 SYSTEMPATH\View\View.php(234): include('D:\\x8\\htdocs\\thecup\\app\\Views\\front-end\\main.php')
 4 SYSTEMPATH\View\View.php(237): CodeIgniter\View\View->CodeIgniter\View\{closure}()
 5 SYSTEMPATH\Common.php(1171): CodeIgniter\View\View->render('front-end/main', [], true)
 6 APPPATH\Controllers\CartController.php(52): view('front-end/main', [...])
 7 SYSTEMPATH\CodeIgniter.php(933): App\Controllers\CartController->recipient('2')
 8 SYSTEMPATH\CodeIgniter.php(509): CodeIgniter\CodeIgniter->runController(Object(App\Controllers\CartController))
 9 SYSTEMPATH\CodeIgniter.php(355): CodeIgniter\CodeIgniter->handleRequest(null, Object(Config\Cache), false)
10 SYSTEMPATH\Boot.php(325): CodeIgniter\CodeIgniter->run()
11 SYSTEMPATH\Boot.php(67): CodeIgniter\Boot::runCodeIgniter(Object(CodeIgniter\CodeIgniter))
12 FCPATH\index.php(56): CodeIgniter\Boot::bootWeb(Object(Config\Paths))
13 ROOTPATH\index.php(7): require_once('D:\\x8\\htdocs\\thecup\\public\\index.php')
CRITICAL - 2026-01-28 01:26:54 --> TypeError: count(): Argument #1 ($value) must be of type Countable|array, null given
[Method: GET, Route: cart]
in APPPATH\Views\front-end\cart\index.php on line 41.
 1 APPPATH\Views\front-end\main.php(12): include()
 2 SYSTEMPATH\View\View.php(234): include('D:\\x8\\htdocs\\thecup\\app\\Views\\front-end\\main.php')
 3 SYSTEMPATH\View\View.php(237): CodeIgniter\View\View->CodeIgniter\View\{closure}()
 4 SYSTEMPATH\Common.php(1171): CodeIgniter\View\View->render('front-end/main', [], true)
 5 APPPATH\Controllers\CartController.php(34): view('front-end/main', [...])
 6 SYSTEMPATH\CodeIgniter.php(933): App\Controllers\CartController->index()
 7 SYSTEMPATH\CodeIgniter.php(509): CodeIgniter\CodeIgniter->runController(Object(App\Controllers\CartController))
 8 SYSTEMPATH\CodeIgniter.php(355): CodeIgniter\CodeIgniter->handleRequest(null, Object(Config\Cache), false)
 9 SYSTEMPATH\Boot.php(325): CodeIgniter\CodeIgniter->run()
10 SYSTEMPATH\Boot.php(67): CodeIgniter\Boot::runCodeIgniter(Object(CodeIgniter\CodeIgniter))
11 FCPATH\index.php(56): CodeIgniter\Boot::bootWeb(Object(Config\Paths))
12 ROOTPATH\index.php(7): require_once('D:\\x8\\htdocs\\thecup\\public\\index.php')
CRITICAL - 2026-01-28 01:26:54 --> [Caused by] ErrorException: Undefined variable $assignments
in APPPATH\Views\front-end\cart\index.php on line 41.
 1 APPPATH\Views\front-end\cart\index.php(41): CodeIgniter\Debug\Exceptions->errorHandler(2, 'Undefined variable $assignments', 'D:\\x8\\htdocs\\thecup\\app\\Views\\front-end\\cart\\index.php', 41)
 2 APPPATH\Views\front-end\main.php(12): include('D:\\x8\\htdocs\\thecup\\app\\Views\\front-end\\cart\\index.php')
 3 SYSTEMPATH\View\View.php(234): include('D:\\x8\\htdocs\\thecup\\app\\Views\\front-end\\main.php')
 4 SYSTEMPATH\View\View.php(237): CodeIgniter\View\View->CodeIgniter\View\{closure}()
 5 SYSTEMPATH\Common.php(1171): CodeIgniter\View\View->render('front-end/main', [], true)
 6 APPPATH\Controllers\CartController.php(34): view('front-end/main', [...])
 7 SYSTEMPATH\CodeIgniter.php(933): App\Controllers\CartController->index()
 8 SYSTEMPATH\CodeIgniter.php(509): CodeIgniter\CodeIgniter->runController(Object(App\Controllers\CartController))
 9 SYSTEMPATH\CodeIgniter.php(355): CodeIgniter\CodeIgniter->handleRequest(null, Object(Config\Cache), false)
10 SYSTEMPATH\Boot.php(325): CodeIgniter\CodeIgniter->run()
11 SYSTEMPATH\Boot.php(67): CodeIgniter\Boot::runCodeIgniter(Object(CodeIgniter\CodeIgniter))
12 FCPATH\index.php(56): CodeIgniter\Boot::bootWeb(Object(Config\Paths))
13 ROOTPATH\index.php(7): require_once('D:\\x8\\htdocs\\thecup\\public\\index.php')
CRITICAL - 2026-01-28 01:37:35 --> Twilio\Exceptions\RestException: [HTTP 401] Unable to create record: Authenticate
[Method: POST, Route: cart/complete_payment]
in ROOTPATH\sms\twilio-php-main\src\Twilio\Version.php on line 88.
 1 ROOTPATH\sms\twilio-php-main\src\Twilio\Version.php(223): Twilio\Version->exception(Object(Twilio\Http\Response), 'Unable to create record')
 2 ROOTPATH\sms\twilio-php-main\src\Twilio\Rest\Api\V2010\Account\MessageList.php(116): Twilio\Version->create('POST', '/Accounts/AC74a1ae1b36a167b27769ab66294d9221/Messages.json', [], [...], [...])
 3 APPPATH\Controllers\CartController.php(676): Twilio\Rest\Api\V2010\Account\MessageList->create('+61481611125', Object(Twilio\Values))
 4 SYSTEMPATH\CodeIgniter.php(933): App\Controllers\CartController->complete_payment()
 5 SYSTEMPATH\CodeIgniter.php(509): CodeIgniter\CodeIgniter->runController(Object(App\Controllers\CartController))
 6 SYSTEMPATH\CodeIgniter.php(355): CodeIgniter\CodeIgniter->handleRequest(null, Object(Config\Cache), false)
 7 SYSTEMPATH\Boot.php(325): CodeIgniter\CodeIgniter->run()
 8 SYSTEMPATH\Boot.php(67): CodeIgniter\Boot::runCodeIgniter(Object(CodeIgniter\CodeIgniter))
 9 FCPATH\index.php(56): CodeIgniter\Boot::bootWeb(Object(Config\Paths))
10 ROOTPATH\index.php(7): require_once('D:\\x8\\htdocs\\thecup\\public\\index.php')
CRITICAL - 2026-01-28 02:00:42 --> Twilio\Exceptions\RestException: [HTTP 401] Unable to create record: Authenticate
[Method: POST, Route: cart/complete_payment]
in ROOTPATH\sms\twilio-php-main\src\Twilio\Version.php on line 88.
 1 ROOTPATH\sms\twilio-php-main\src\Twilio\Version.php(223): Twilio\Version->exception(Object(Twilio\Http\Response), 'Unable to create record')
 2 ROOTPATH\sms\twilio-php-main\src\Twilio\Rest\Api\V2010\Account\MessageList.php(116): Twilio\Version->create('POST', '/Accounts/AC74a1ae1b36a167b27769ab66294d9221/Messages.json', [], [...], [...])
 3 APPPATH\Controllers\CartController.php(676): Twilio\Rest\Api\V2010\Account\MessageList->create('+61481611125', Object(Twilio\Values))
 4 SYSTEMPATH\CodeIgniter.php(933): App\Controllers\CartController->complete_payment()
 5 SYSTEMPATH\CodeIgniter.php(509): CodeIgniter\CodeIgniter->runController(Object(App\Controllers\CartController))
 6 SYSTEMPATH\CodeIgniter.php(355): CodeIgniter\CodeIgniter->handleRequest(null, Object(Config\Cache), false)
 7 SYSTEMPATH\Boot.php(325): CodeIgniter\CodeIgniter->run()
 8 SYSTEMPATH\Boot.php(67): CodeIgniter\Boot::runCodeIgniter(Object(CodeIgniter\CodeIgniter))
 9 FCPATH\index.php(56): CodeIgniter\Boot::bootWeb(Object(Config\Paths))
10 ROOTPATH\index.php(7): require_once('D:\\x8\\htdocs\\thecup\\public\\index.php')
CRITICAL - 2026-01-28 02:10:31 --> Twilio\Exceptions\RestException: [HTTP 401] Unable to create record: Authenticate
[Method: POST, Route: cart/complete_payment]
in ROOTPATH\sms\twilio-php-main\src\Twilio\Version.php on line 88.
 1 ROOTPATH\sms\twilio-php-main\src\Twilio\Version.php(223): Twilio\Version->exception(Object(Twilio\Http\Response), 'Unable to create record')
 2 ROOTPATH\sms\twilio-php-main\src\Twilio\Rest\Api\V2010\Account\MessageList.php(116): Twilio\Version->create('POST', '/Accounts/AC74a1ae1b36a167b27769ab66294d9221/Messages.json', [], [...], [...])
 3 APPPATH\Controllers\CartController.php(676): Twilio\Rest\Api\V2010\Account\MessageList->create('+61481611125', Object(Twilio\Values))
 4 SYSTEMPATH\CodeIgniter.php(933): App\Controllers\CartController->complete_payment()
 5 SYSTEMPATH\CodeIgniter.php(509): CodeIgniter\CodeIgniter->runController(Object(App\Controllers\CartController))
 6 SYSTEMPATH\CodeIgniter.php(355): CodeIgniter\CodeIgniter->handleRequest(null, Object(Config\Cache), false)
 7 SYSTEMPATH\Boot.php(325): CodeIgniter\CodeIgniter->run()
 8 SYSTEMPATH\Boot.php(67): CodeIgniter\Boot::runCodeIgniter(Object(CodeIgniter\CodeIgniter))
 9 FCPATH\index.php(56): CodeIgniter\Boot::bootWeb(Object(Config\Paths))
10 ROOTPATH\index.php(7): require_once('D:\\x8\\htdocs\\thecup\\public\\index.php')
CRITICAL - 2026-01-28 02:18:51 --> ErrorException: Undefined variable $Currency
[Method: GET, Route: order/autoload]
in APPPATH\Views\front-end\order\claim-rawmode.php on line 82.
 1 APPPATH\Views\front-end\order\claim-rawmode.php(82): CodeIgniter\Debug\Exceptions->errorHandler(2, 'Undefined variable $Currency', 'D:\\x8\\htdocs\\thecup\\app\\Views\\front-end\\order\\claim-rawmode.php', 82)
 2 APPPATH\Views\front-end\rawmode.php(4): include('D:\\x8\\htdocs\\thecup\\app\\Views\\front-end\\order\\claim-rawmode.php')
 3 SYSTEMPATH\View\View.php(234): include('D:\\x8\\htdocs\\thecup\\app\\Views\\front-end\\rawmode.php')
 4 SYSTEMPATH\View\View.php(237): CodeIgniter\View\View->CodeIgniter\View\{closure}()
 5 SYSTEMPATH\Common.php(1171): CodeIgniter\View\View->render('front-end/rawmode', [], true)
 6 APPPATH\Controllers\OrderController.php(135): view('front-end/rawmode', [...])
 7 SYSTEMPATH\CodeIgniter.php(933): App\Controllers\OrderController->autoload()
 8 SYSTEMPATH\CodeIgniter.php(509): CodeIgniter\CodeIgniter->runController(Object(App\Controllers\OrderController))
 9 SYSTEMPATH\CodeIgniter.php(355): CodeIgniter\CodeIgniter->handleRequest(null, Object(Config\Cache), false)
10 SYSTEMPATH\Boot.php(325): CodeIgniter\CodeIgniter->run()
11 SYSTEMPATH\Boot.php(67): CodeIgniter\Boot::runCodeIgniter(Object(CodeIgniter\CodeIgniter))
12 FCPATH\index.php(56): CodeIgniter\Boot::bootWeb(Object(Config\Paths))
13 ROOTPATH\index.php(7): require_once('D:\\x8\\htdocs\\thecup\\public\\index.php')
CRITICAL - 2026-01-28 02:37:44 --> Twilio\Exceptions\RestException: [HTTP 401] Unable to create record: Authenticate
[Method: POST, Route: cart/complete_payment]
in ROOTPATH\sms\twilio-php-main\src\Twilio\Version.php on line 88.
 1 ROOTPATH\sms\twilio-php-main\src\Twilio\Version.php(223): Twilio\Version->exception(Object(Twilio\Http\Response), 'Unable to create record')
 2 ROOTPATH\sms\twilio-php-main\src\Twilio\Rest\Api\V2010\Account\MessageList.php(116): Twilio\Version->create('POST', '/Accounts/AC74a1ae1b36a167b27769ab66294d9221/Messages.json', [], [...], [...])
 3 APPPATH\Controllers\CartController.php(676): Twilio\Rest\Api\V2010\Account\MessageList->create('+61481611125', Object(Twilio\Values))
 4 SYSTEMPATH\CodeIgniter.php(933): App\Controllers\CartController->complete_payment()
 5 SYSTEMPATH\CodeIgniter.php(509): CodeIgniter\CodeIgniter->runController(Object(App\Controllers\CartController))
 6 SYSTEMPATH\CodeIgniter.php(355): CodeIgniter\CodeIgniter->handleRequest(null, Object(Config\Cache), false)
 7 SYSTEMPATH\Boot.php(325): CodeIgniter\CodeIgniter->run()
 8 SYSTEMPATH\Boot.php(67): CodeIgniter\Boot::runCodeIgniter(Object(CodeIgniter\CodeIgniter))
 9 FCPATH\index.php(56): CodeIgniter\Boot::bootWeb(Object(Config\Paths))
10 ROOTPATH\index.php(7): require_once('D:\\x8\\htdocs\\thecup\\public\\index.php')
CRITICAL - 2026-01-28 02:57:36 --> Twilio\Exceptions\RestException: [HTTP 401] Unable to create record: Authenticate
[Method: POST, Route: cart/complete_payment]
in ROOTPATH\sms\twilio-php-main\src\Twilio\Version.php on line 88.
 1 ROOTPATH\sms\twilio-php-main\src\Twilio\Version.php(223): Twilio\Version->exception(Object(Twilio\Http\Response), 'Unable to create record')
 2 ROOTPATH\sms\twilio-php-main\src\Twilio\Rest\Api\V2010\Account\MessageList.php(116): Twilio\Version->create('POST', '/Accounts/AC74a1ae1b36a167b27769ab66294d9221/Messages.json', [], [...], [...])
 3 APPPATH\Controllers\CartController.php(676): Twilio\Rest\Api\V2010\Account\MessageList->create('+61481611125', Object(Twilio\Values))
 4 SYSTEMPATH\CodeIgniter.php(933): App\Controllers\CartController->complete_payment()
 5 SYSTEMPATH\CodeIgniter.php(509): CodeIgniter\CodeIgniter->runController(Object(App\Controllers\CartController))
 6 SYSTEMPATH\CodeIgniter.php(355): CodeIgniter\CodeIgniter->handleRequest(null, Object(Config\Cache), false)
 7 SYSTEMPATH\Boot.php(325): CodeIgniter\CodeIgniter->run()
 8 SYSTEMPATH\Boot.php(67): CodeIgniter\Boot::runCodeIgniter(Object(CodeIgniter\CodeIgniter))
 9 FCPATH\index.php(56): CodeIgniter\Boot::bootWeb(Object(Config\Paths))
10 ROOTPATH\index.php(7): require_once('D:\\x8\\htdocs\\thecup\\public\\index.php')
CRITICAL - 2026-01-28 03:17:46 --> Twilio\Exceptions\RestException: [HTTP 401] Unable to create record: Authenticate
[Method: POST, Route: cart/complete_payment]
in ROOTPATH\sms\twilio-php-main\src\Twilio\Version.php on line 88.
 1 ROOTPATH\sms\twilio-php-main\src\Twilio\Version.php(223): Twilio\Version->exception(Object(Twilio\Http\Response), 'Unable to create record')
 2 ROOTPATH\sms\twilio-php-main\src\Twilio\Rest\Api\V2010\Account\MessageList.php(116): Twilio\Version->create('POST', '/Accounts/AC74a1ae1b36a167b27769ab66294d9221/Messages.json', [], [...], [...])
 3 APPPATH\Controllers\CartController.php(676): Twilio\Rest\Api\V2010\Account\MessageList->create('+61481611125', Object(Twilio\Values))
 4 SYSTEMPATH\CodeIgniter.php(933): App\Controllers\CartController->complete_payment()
 5 SYSTEMPATH\CodeIgniter.php(509): CodeIgniter\CodeIgniter->runController(Object(App\Controllers\CartController))
 6 SYSTEMPATH\CodeIgniter.php(355): CodeIgniter\CodeIgniter->handleRequest(null, Object(Config\Cache), false)
 7 SYSTEMPATH\Boot.php(325): CodeIgniter\CodeIgniter->run()
 8 SYSTEMPATH\Boot.php(67): CodeIgniter\Boot::runCodeIgniter(Object(CodeIgniter\CodeIgniter))
 9 FCPATH\index.php(56): CodeIgniter\Boot::bootWeb(Object(Config\Paths))
10 ROOTPATH\index.php(7): require_once('D:\\x8\\htdocs\\thecup\\public\\index.php')
CRITICAL - 2026-01-28 03:21:01 --> ParseError: syntax error, unexpected token "<"
[Method: GET, Route: admin/order/orderdetailspdf/70]
in APPPATH\Views\back-end\order\orderdetailspdf.php on line 59.
 1 SYSTEMPATH\View\View.php(234): include()
 2 SYSTEMPATH\View\View.php(237): CodeIgniter\View\View->CodeIgniter\View\{closure}()
 3 SYSTEMPATH\Common.php(1171): CodeIgniter\View\View->render('back-end/main', [], true)
 4 APPPATH\Controllers\AdminOrderController.php(100): view('back-end/main', [...])
 5 SYSTEMPATH\CodeIgniter.php(933): App\Controllers\AdminOrderController->orderdetailspdf('70')
 6 SYSTEMPATH\CodeIgniter.php(509): CodeIgniter\CodeIgniter->runController(Object(App\Controllers\AdminOrderController))
 7 SYSTEMPATH\CodeIgniter.php(355): CodeIgniter\CodeIgniter->handleRequest(null, Object(Config\Cache), false)
 8 SYSTEMPATH\Boot.php(325): CodeIgniter\CodeIgniter->run()
 9 SYSTEMPATH\Boot.php(67): CodeIgniter\Boot::runCodeIgniter(Object(CodeIgniter\CodeIgniter))
10 FCPATH\index.php(56): CodeIgniter\Boot::bootWeb(Object(Config\Paths))
11 ROOTPATH\index.php(7): require_once('D:\\x8\\htdocs\\thecup\\public\\index.php')
CRITICAL - 2026-01-28 03:24:18 --> ErrorException: Undefined array key "2_0"
[Method: GET, Route: cart/saveRecipient]
in APPPATH\Controllers\CartController.php on line 1099.
 1 APPPATH\Controllers\CartController.php(1099): CodeIgniter\Debug\Exceptions->errorHandler(2, 'Undefined array key "2_0"', 'D:\\x8\\htdocs\\thecup\\app\\Controllers\\CartController.php', 1099)
 2 SYSTEMPATH\CodeIgniter.php(933): App\Controllers\CartController->saveRecipient()
 3 SYSTEMPATH\CodeIgniter.php(509): CodeIgniter\CodeIgniter->runController(Object(App\Controllers\CartController))
 4 SYSTEMPATH\CodeIgniter.php(355): CodeIgniter\CodeIgniter->handleRequest(null, Object(Config\Cache), false)
 5 SYSTEMPATH\Boot.php(325): CodeIgniter\CodeIgniter->run()
 6 SYSTEMPATH\Boot.php(67): CodeIgniter\Boot::runCodeIgniter(Object(CodeIgniter\CodeIgniter))
 7 FCPATH\index.php(56): CodeIgniter\Boot::bootWeb(Object(Config\Paths))
 8 ROOTPATH\index.php(7): require_once('D:\\x8\\htdocs\\thecup\\public\\index.php')
CRITICAL - 2026-01-28 03:24:36 --> ErrorException: Undefined array key "2_0"
[Method: GET, Route: cart/saveRecipient]
in APPPATH\Controllers\CartController.php on line 1099.
 1 APPPATH\Controllers\CartController.php(1099): CodeIgniter\Debug\Exceptions->errorHandler(2, 'Undefined array key "2_0"', 'D:\\x8\\htdocs\\thecup\\app\\Controllers\\CartController.php', 1099)
 2 SYSTEMPATH\CodeIgniter.php(933): App\Controllers\CartController->saveRecipient()
 3 SYSTEMPATH\CodeIgniter.php(509): CodeIgniter\CodeIgniter->runController(Object(App\Controllers\CartController))
 4 SYSTEMPATH\CodeIgniter.php(355): CodeIgniter\CodeIgniter->handleRequest(null, Object(Config\Cache), false)
 5 SYSTEMPATH\Boot.php(325): CodeIgniter\CodeIgniter->run()
 6 SYSTEMPATH\Boot.php(67): CodeIgniter\Boot::runCodeIgniter(Object(CodeIgniter\CodeIgniter))
 7 FCPATH\index.php(56): CodeIgniter\Boot::bootWeb(Object(Config\Paths))
 8 ROOTPATH\index.php(7): require_once('D:\\x8\\htdocs\\thecup\\public\\index.php')
CRITICAL - 2026-01-28 03:24:51 --> ErrorException: Undefined array key "2_0"
[Method: GET, Route: cart/saveRecipient]
in APPPATH\Controllers\CartController.php on line 1099.
 1 APPPATH\Controllers\CartController.php(1099): CodeIgniter\Debug\Exceptions->errorHandler(2, 'Undefined array key "2_0"', 'D:\\x8\\htdocs\\thecup\\app\\Controllers\\CartController.php', 1099)
 2 SYSTEMPATH\CodeIgniter.php(933): App\Controllers\CartController->saveRecipient()
 3 SYSTEMPATH\CodeIgniter.php(509): CodeIgniter\CodeIgniter->runController(Object(App\Controllers\CartController))
 4 SYSTEMPATH\CodeIgniter.php(355): CodeIgniter\CodeIgniter->handleRequest(null, Object(Config\Cache), false)
 5 SYSTEMPATH\Boot.php(325): CodeIgniter\CodeIgniter->run()
 6 SYSTEMPATH\Boot.php(67): CodeIgniter\Boot::runCodeIgniter(Object(CodeIgniter\CodeIgniter))
 7 FCPATH\index.php(56): CodeIgniter\Boot::bootWeb(Object(Config\Paths))
 8 ROOTPATH\index.php(7): require_once('D:\\x8\\htdocs\\thecup\\public\\index.php')
CRITICAL - 2026-01-28 03:29:09 --> ErrorException: Undefined array key "2_0"
[Method: GET, Route: cart/saveRecipient]
in APPPATH\Controllers\CartController.php on line 1099.
 1 APPPATH\Controllers\CartController.php(1099): CodeIgniter\Debug\Exceptions->errorHandler(2, 'Undefined array key "2_0"', 'D:\\x8\\htdocs\\thecup\\app\\Controllers\\CartController.php', 1099)
 2 SYSTEMPATH\CodeIgniter.php(933): App\Controllers\CartController->saveRecipient()
 3 SYSTEMPATH\CodeIgniter.php(509): CodeIgniter\CodeIgniter->runController(Object(App\Controllers\CartController))
 4 SYSTEMPATH\CodeIgniter.php(355): CodeIgniter\CodeIgniter->handleRequest(null, Object(Config\Cache), false)
 5 SYSTEMPATH\Boot.php(325): CodeIgniter\CodeIgniter->run()
 6 SYSTEMPATH\Boot.php(67): CodeIgniter\Boot::runCodeIgniter(Object(CodeIgniter\CodeIgniter))
 7 FCPATH\index.php(56): CodeIgniter\Boot::bootWeb(Object(Config\Paths))
 8 ROOTPATH\index.php(7): require_once('D:\\x8\\htdocs\\thecup\\public\\index.php')
CRITICAL - 2026-01-28 03:29:49 --> ErrorException: Undefined array key "2_0"
[Method: GET, Route: cart/saveRecipient]
in APPPATH\Controllers\CartController.php on line 1099.
 1 APPPATH\Controllers\CartController.php(1099): CodeIgniter\Debug\Exceptions->errorHandler(2, 'Undefined array key "2_0"', 'D:\\x8\\htdocs\\thecup\\app\\Controllers\\CartController.php', 1099)
 2 SYSTEMPATH\CodeIgniter.php(933): App\Controllers\CartController->saveRecipient()
 3 SYSTEMPATH\CodeIgniter.php(509): CodeIgniter\CodeIgniter->runController(Object(App\Controllers\CartController))
 4 SYSTEMPATH\CodeIgniter.php(355): CodeIgniter\CodeIgniter->handleRequest(null, Object(Config\Cache), false)
 5 SYSTEMPATH\Boot.php(325): CodeIgniter\CodeIgniter->run()
 6 SYSTEMPATH\Boot.php(67): CodeIgniter\Boot::runCodeIgniter(Object(CodeIgniter\CodeIgniter))
 7 FCPATH\index.php(56): CodeIgniter\Boot::bootWeb(Object(Config\Paths))
 8 ROOTPATH\index.php(7): require_once('D:\\x8\\htdocs\\thecup\\public\\index.php')
CRITICAL - 2026-01-28 03:29:54 --> ErrorException: Undefined array key "2_0"
[Method: GET, Route: cart/saveRecipient]
in APPPATH\Controllers\CartController.php on line 1099.
 1 APPPATH\Controllers\CartController.php(1099): CodeIgniter\Debug\Exceptions->errorHandler(2, 'Undefined array key "2_0"', 'D:\\x8\\htdocs\\thecup\\app\\Controllers\\CartController.php', 1099)
 2 SYSTEMPATH\CodeIgniter.php(933): App\Controllers\CartController->saveRecipient()
 3 SYSTEMPATH\CodeIgniter.php(509): CodeIgniter\CodeIgniter->runController(Object(App\Controllers\CartController))
 4 SYSTEMPATH\CodeIgniter.php(355): CodeIgniter\CodeIgniter->handleRequest(null, Object(Config\Cache), false)
 5 SYSTEMPATH\Boot.php(325): CodeIgniter\CodeIgniter->run()
 6 SYSTEMPATH\Boot.php(67): CodeIgniter\Boot::runCodeIgniter(Object(CodeIgniter\CodeIgniter))
 7 FCPATH\index.php(56): CodeIgniter\Boot::bootWeb(Object(Config\Paths))
 8 ROOTPATH\index.php(7): require_once('D:\\x8\\htdocs\\thecup\\public\\index.php')
CRITICAL - 2026-01-28 03:35:27 --> Twilio\Exceptions\RestException: [HTTP 401] Unable to create record: Authenticate
[Method: POST, Route: cart/complete_payment]
in ROOTPATH\sms\twilio-php-main\src\Twilio\Version.php on line 88.
 1 ROOTPATH\sms\twilio-php-main\src\Twilio\Version.php(223): Twilio\Version->exception(Object(Twilio\Http\Response), 'Unable to create record')
 2 ROOTPATH\sms\twilio-php-main\src\Twilio\Rest\Api\V2010\Account\MessageList.php(116): Twilio\Version->create('POST', '/Accounts/AC74a1ae1b36a167b27769ab66294d9221/Messages.json', [], [...], [...])
 3 APPPATH\Controllers\CartController.php(676): Twilio\Rest\Api\V2010\Account\MessageList->create('+61481611125', Object(Twilio\Values))
 4 SYSTEMPATH\CodeIgniter.php(933): App\Controllers\CartController->complete_payment()
 5 SYSTEMPATH\CodeIgniter.php(509): CodeIgniter\CodeIgniter->runController(Object(App\Controllers\CartController))
 6 SYSTEMPATH\CodeIgniter.php(355): CodeIgniter\CodeIgniter->handleRequest(null, Object(Config\Cache), false)
 7 SYSTEMPATH\Boot.php(325): CodeIgniter\CodeIgniter->run()
 8 SYSTEMPATH\Boot.php(67): CodeIgniter\Boot::runCodeIgniter(Object(CodeIgniter\CodeIgniter))
 9 FCPATH\index.php(56): CodeIgniter\Boot::bootWeb(Object(Config\Paths))
10 ROOTPATH\index.php(7): require_once('D:\\x8\\htdocs\\thecup\\public\\index.php')
CRITICAL - 2026-01-28 09:20:17 --> Twilio\Exceptions\RestException: [HTTP 401] Unable to create record: Authenticate
[Method: POST, Route: cart/complete_payment]
in ROOTPATH\sms\twilio-php-main\src\Twilio\Version.php on line 88.
 1 ROOTPATH\sms\twilio-php-main\src\Twilio\Version.php(223): Twilio\Version->exception(Object(Twilio\Http\Response), 'Unable to create record')
 2 ROOTPATH\sms\twilio-php-main\src\Twilio\Rest\Api\V2010\Account\MessageList.php(116): Twilio\Version->create('POST', '/Accounts/AC74a1ae1b36a167b27769ab66294d9221/Messages.json', [], [...], [...])
 3 APPPATH\Controllers\CartController.php(676): Twilio\Rest\Api\V2010\Account\MessageList->create('+61481611125', Object(Twilio\Values))
 4 SYSTEMPATH\CodeIgniter.php(933): App\Controllers\CartController->complete_payment()
 5 SYSTEMPATH\CodeIgniter.php(509): CodeIgniter\CodeIgniter->runController(Object(App\Controllers\CartController))
 6 SYSTEMPATH\CodeIgniter.php(355): CodeIgniter\CodeIgniter->handleRequest(null, Object(Config\Cache), false)
 7 SYSTEMPATH\Boot.php(325): CodeIgniter\CodeIgniter->run()
 8 SYSTEMPATH\Boot.php(67): CodeIgniter\Boot::runCodeIgniter(Object(CodeIgniter\CodeIgniter))
 9 FCPATH\index.php(56): CodeIgniter\Boot::bootWeb(Object(Config\Paths))
10 ROOTPATH\index.php(7): require_once('D:\\x8\\htdocs\\thecup\\public\\index.php')
