ERROR - 2026-02-02 02:53:10 --> Error connecting to the database: mysqli_sql_exception: No connection could be made because the target machine actively refused it in D:\x8\htdocs\thecup\system\Database\MySQLi\Connection.php:186
Stack trace:
#0 D:\x8\htdocs\thecup\system\Database\MySQLi\Connection.php(186): mysqli->real_connect('localhost', 'root', Object(SensitiveParameterValue), 'thecup', 3306, '', 0)
#1 D:\x8\htdocs\thecup\system\Database\BaseConnection.php(421): CodeIgniter\Database\MySQLi\Connection->connect(false)
#2 D:\x8\htdocs\thecup\system\Database\BaseConnection.php(616): CodeIgniter\Database\BaseConnection->initialize()
#3 D:\x8\htdocs\thecup\system\Database\BaseBuilder.php(1644): CodeIgniter\Database\BaseConnection->query('SELECT *\nFROM `...', Array, false)
#4 D:\x8\htdocs\thecup\app\Helpers\Common_helper.php(184): CodeIgniter\Database\BaseBuilder->get()
#5 D:\x8\htdocs\thecup\app\Common.php(30): get_activities_session()
#6 D:\x8\htdocs\thecup\app\Views\front-end\components\navbar.php(3): VLang::__e('THECUP_LOGON')
#7 D:\x8\htdocs\thecup\app\Views\front-end\main.php(5): include('D:\\x8\\htdocs\\th...')
#8 D:\x8\htdocs\thecup\system\View\View.php(234): include('D:\\x8\\htdocs\\th...')
#9 D:\x8\htdocs\thecup\system\View\View.php(237): CodeIgniter\View\View->CodeIgniter\View\{closure}()
#10 D:\x8\htdocs\thecup\system\Common.php(1171): CodeIgniter\View\View->render('front-end/main', Array, true)
#11 D:\x8\htdocs\thecup\app\Controllers\Home.php(25): view('front-end/main', Array)
#12 D:\x8\htdocs\thecup\system\CodeIgniter.php(933): App\Controllers\Home->index()
#13 D:\x8\htdocs\thecup\system\CodeIgniter.php(509): CodeIgniter\CodeIgniter->runController(Object(App\Controllers\Home))
#14 D:\x8\htdocs\thecup\system\CodeIgniter.php(355): CodeIgniter\CodeIgniter->handleRequest(NULL, Object(Config\Cache), false)
#15 D:\x8\htdocs\thecup\system\Boot.php(325): CodeIgniter\CodeIgniter->run()
#16 D:\x8\htdocs\thecup\system\Boot.php(67): CodeIgniter\Boot::runCodeIgniter(Object(CodeIgniter\CodeIgniter))
#17 D:\x8\htdocs\thecup\public\index.php(56): CodeIgniter\Boot::bootWeb(Object(Config\Paths))
#18 D:\x8\htdocs\thecup\index.php(7): require_once('D:\\x8\\htdocs\\th...')
#19 {main}

Next CodeIgniter\Database\Exceptions\DatabaseException: No connection could be made because the target machine actively refused it in D:\x8\htdocs\thecup\system\Database\MySQLi\Connection.php:231
Stack trace:
#0 D:\x8\htdocs\thecup\system\Database\BaseConnection.php(421): CodeIgniter\Database\MySQLi\Connection->connect(false)
#1 D:\x8\htdocs\thecup\system\Database\BaseConnection.php(616): CodeIgniter\Database\BaseConnection->initialize()
#2 D:\x8\htdocs\thecup\system\Database\BaseBuilder.php(1644): CodeIgniter\Database\BaseConnection->query('SELECT *\nFROM `...', Array, false)
#3 D:\x8\htdocs\thecup\app\Helpers\Common_helper.php(184): CodeIgniter\Database\BaseBuilder->get()
#4 D:\x8\htdocs\thecup\app\Common.php(30): get_activities_session()
#5 D:\x8\htdocs\thecup\app\Views\front-end\components\navbar.php(3): VLang::__e('THECUP_LOGON')
#6 D:\x8\htdocs\thecup\app\Views\front-end\main.php(5): include('D:\\x8\\htdocs\\th...')
#7 D:\x8\htdocs\thecup\system\View\View.php(234): include('D:\\x8\\htdocs\\th...')
#8 D:\x8\htdocs\thecup\system\View\View.php(237): CodeIgniter\View\View->CodeIgniter\View\{closure}()
#9 D:\x8\htdocs\thecup\system\Common.php(1171): CodeIgniter\View\View->render('front-end/main', Array, true)
#10 D:\x8\htdocs\thecup\app\Controllers\Home.php(25): view('front-end/main', Array)
#11 D:\x8\htdocs\thecup\system\CodeIgniter.php(933): App\Controllers\Home->index()
#12 D:\x8\htdocs\thecup\system\CodeIgniter.php(509): CodeIgniter\CodeIgniter->runController(Object(App\Controllers\Home))
#13 D:\x8\htdocs\thecup\system\CodeIgniter.php(355): CodeIgniter\CodeIgniter->handleRequest(NULL, Object(Config\Cache), false)
#14 D:\x8\htdocs\thecup\system\Boot.php(325): CodeIgniter\CodeIgniter->run()
#15 D:\x8\htdocs\thecup\system\Boot.php(67): CodeIgniter\Boot::runCodeIgniter(Object(CodeIgniter\CodeIgniter))
#16 D:\x8\htdocs\thecup\public\index.php(56): CodeIgniter\Boot::bootWeb(Object(Config\Paths))
#17 D:\x8\htdocs\thecup\index.php(7): require_once('D:\\x8\\htdocs\\th...')
#18 {main}
CRITICAL - 2026-02-02 02:53:10 --> CodeIgniter\Database\Exceptions\DatabaseException: Unable to connect to the database.
Main connection [MySQLi]: No connection could be made because the target machine actively refused it
[Method: GET, Route: /]
in SYSTEMPATH\Database\BaseConnection.php on line 467.
 1 SYSTEMPATH\Database\BaseConnection.php(616): CodeIgniter\Database\BaseConnection->initialize()
 2 SYSTEMPATH\Database\BaseBuilder.php(1644): CodeIgniter\Database\BaseConnection->query('SELECT *
FROM `app_activities_session`
WHERE `session_id` = :session_id:', [...], false)
 3 APPPATH\Helpers\Common_helper.php(184): CodeIgniter\Database\BaseBuilder->get()
 4 APPPATH\Common.php(30): get_activities_session()
 5 APPPATH\Views\front-end\components\navbar.php(3): VLang::__e('THECUP_LOGON')
 6 APPPATH\Views\front-end\main.php(5): include('D:\\x8\\htdocs\\thecup\\app\\Views\\front-end\\components\\navbar.php')
 7 SYSTEMPATH\View\View.php(234): include('D:\\x8\\htdocs\\thecup\\app\\Views\\front-end\\main.php')
 8 SYSTEMPATH\View\View.php(237): CodeIgniter\View\View->CodeIgniter\View\{closure}()
 9 SYSTEMPATH\Common.php(1171): CodeIgniter\View\View->render('front-end/main', [], true)
10 APPPATH\Controllers\Home.php(25): view('front-end/main', [...])
11 SYSTEMPATH\CodeIgniter.php(933): App\Controllers\Home->index()
12 SYSTEMPATH\CodeIgniter.php(509): CodeIgniter\CodeIgniter->runController(Object(App\Controllers\Home))
13 SYSTEMPATH\CodeIgniter.php(355): CodeIgniter\CodeIgniter->handleRequest(null, Object(Config\Cache), false)
14 SYSTEMPATH\Boot.php(325): CodeIgniter\CodeIgniter->run()
15 SYSTEMPATH\Boot.php(67): CodeIgniter\Boot::runCodeIgniter(Object(CodeIgniter\CodeIgniter))
16 FCPATH\index.php(56): CodeIgniter\Boot::bootWeb(Object(Config\Paths))
17 ROOTPATH\index.php(7): require_once('D:\\x8\\htdocs\\thecup\\public\\index.php')
