CRITICAL - 2026-01-30 02:00:51 --> CodeIgniter\HTTP\Exceptions\BadRequestException: The URI you submitted has disallowed characters: "<"
[Method: GET, Route: cart/recipient/%3C]
in SYSTEMPATH\Router\Router.php on line 737.
 1 SYSTEMPATH\Router\Router.php(204): CodeIgniter\Router\Router->checkDisallowedChars('cart/recipient/<')
 2 SYSTEMPATH\CodeIgniter.php(834): CodeIgniter\Router\Router->handle('cart/recipient/<')
 3 SYSTEMPATH\CodeIgniter.php(457): CodeIgniter\CodeIgniter->tryToRouteIt(Object(CodeIgniter\Router\RouteCollection))
 4 SYSTEMPATH\CodeIgniter.php(355): CodeIgniter\CodeIgniter->handleRequest(null, Object(Config\Cache), false)
 5 SYSTEMPATH\Boot.php(325): CodeIgniter\CodeIgniter->run()
 6 SYSTEMPATH\Boot.php(67): CodeIgniter\Boot::runCodeIgniter(Object(CodeIgniter\CodeIgniter))
 7 FCPATH\index.php(56): CodeIgniter\Boot::bootWeb(Object(Config\Paths))
 8 ROOTPATH\index.php(7): require_once('D:\\x8\\htdocs\\thecup\\public\\index.php')
CRITICAL - 2026-01-30 02:02:14 --> ErrorException: Undefined array key ""
[Method: GET, Route: cart/deleteItem]
in APPPATH\Controllers\CartController.php on line 1172.
 1 APPPATH\Controllers\CartController.php(1172): CodeIgniter\Debug\Exceptions->errorHandler(2, 'Undefined array key ""', 'D:\\x8\\htdocs\\thecup\\app\\Controllers\\CartController.php', 1172)
 2 SYSTEMPATH\CodeIgniter.php(933): App\Controllers\CartController->deleteItem()
 3 SYSTEMPATH\CodeIgniter.php(509): CodeIgniter\CodeIgniter->runController(Object(App\Controllers\CartController))
 4 SYSTEMPATH\CodeIgniter.php(355): CodeIgniter\CodeIgniter->handleRequest(null, Object(Config\Cache), false)
 5 SYSTEMPATH\Boot.php(325): CodeIgniter\CodeIgniter->run()
 6 SYSTEMPATH\Boot.php(67): CodeIgniter\Boot::runCodeIgniter(Object(CodeIgniter\CodeIgniter))
 7 FCPATH\index.php(56): CodeIgniter\Boot::bootWeb(Object(Config\Paths))
 8 ROOTPATH\index.php(7): require_once('D:\\x8\\htdocs\\thecup\\public\\index.php')
CRITICAL - 2026-01-30 02:02:24 --> ErrorException: Undefined array key ""
[Method: GET, Route: cart/deleteItem]
in APPPATH\Controllers\CartController.php on line 1172.
 1 APPPATH\Controllers\CartController.php(1172): CodeIgniter\Debug\Exceptions->errorHandler(2, 'Undefined array key ""', 'D:\\x8\\htdocs\\thecup\\app\\Controllers\\CartController.php', 1172)
 2 SYSTEMPATH\CodeIgniter.php(933): App\Controllers\CartController->deleteItem()
 3 SYSTEMPATH\CodeIgniter.php(509): CodeIgniter\CodeIgniter->runController(Object(App\Controllers\CartController))
 4 SYSTEMPATH\CodeIgniter.php(355): CodeIgniter\CodeIgniter->handleRequest(null, Object(Config\Cache), false)
 5 SYSTEMPATH\Boot.php(325): CodeIgniter\CodeIgniter->run()
 6 SYSTEMPATH\Boot.php(67): CodeIgniter\Boot::runCodeIgniter(Object(CodeIgniter\CodeIgniter))
 7 FCPATH\index.php(56): CodeIgniter\Boot::bootWeb(Object(Config\Paths))
 8 ROOTPATH\index.php(7): require_once('D:\\x8\\htdocs\\thecup\\public\\index.php')
CRITICAL - 2026-01-30 02:17:44 --> ErrorException: Undefined array key ""
[Method: GET, Route: cart/deleteItem]
in APPPATH\Controllers\CartController.php on line 1172.
 1 APPPATH\Controllers\CartController.php(1172): CodeIgniter\Debug\Exceptions->errorHandler(2, 'Undefined array key ""', 'D:\\x8\\htdocs\\thecup\\app\\Controllers\\CartController.php', 1172)
 2 SYSTEMPATH\CodeIgniter.php(933): App\Controllers\CartController->deleteItem()
 3 SYSTEMPATH\CodeIgniter.php(509): CodeIgniter\CodeIgniter->runController(Object(App\Controllers\CartController))
 4 SYSTEMPATH\CodeIgniter.php(355): CodeIgniter\CodeIgniter->handleRequest(null, Object(Config\Cache), false)
 5 SYSTEMPATH\Boot.php(325): CodeIgniter\CodeIgniter->run()
 6 SYSTEMPATH\Boot.php(67): CodeIgniter\Boot::runCodeIgniter(Object(CodeIgniter\CodeIgniter))
 7 FCPATH\index.php(56): CodeIgniter\Boot::bootWeb(Object(Config\Paths))
 8 ROOTPATH\index.php(7): require_once('D:\\x8\\htdocs\\thecup\\public\\index.php')
CRITICAL - 2026-01-30 02:17:55 --> ErrorException: Undefined array key ""
[Method: GET, Route: cart/deleteItem]
in APPPATH\Controllers\CartController.php on line 1172.
 1 APPPATH\Controllers\CartController.php(1172): CodeIgniter\Debug\Exceptions->errorHandler(2, 'Undefined array key ""', 'D:\\x8\\htdocs\\thecup\\app\\Controllers\\CartController.php', 1172)
 2 SYSTEMPATH\CodeIgniter.php(933): App\Controllers\CartController->deleteItem()
 3 SYSTEMPATH\CodeIgniter.php(509): CodeIgniter\CodeIgniter->runController(Object(App\Controllers\CartController))
 4 SYSTEMPATH\CodeIgniter.php(355): CodeIgniter\CodeIgniter->handleRequest(null, Object(Config\Cache), false)
 5 SYSTEMPATH\Boot.php(325): CodeIgniter\CodeIgniter->run()
 6 SYSTEMPATH\Boot.php(67): CodeIgniter\Boot::runCodeIgniter(Object(CodeIgniter\CodeIgniter))
 7 FCPATH\index.php(56): CodeIgniter\Boot::bootWeb(Object(Config\Paths))
 8 ROOTPATH\index.php(7): require_once('D:\\x8\\htdocs\\thecup\\public\\index.php')
CRITICAL - 2026-01-30 02:18:09 --> ErrorException: Undefined array key ""
[Method: GET, Route: cart/deleteItem]
in APPPATH\Controllers\CartController.php on line 1172.
 1 APPPATH\Controllers\CartController.php(1172): CodeIgniter\Debug\Exceptions->errorHandler(2, 'Undefined array key ""', 'D:\\x8\\htdocs\\thecup\\app\\Controllers\\CartController.php', 1172)
 2 SYSTEMPATH\CodeIgniter.php(933): App\Controllers\CartController->deleteItem()
 3 SYSTEMPATH\CodeIgniter.php(509): CodeIgniter\CodeIgniter->runController(Object(App\Controllers\CartController))
 4 SYSTEMPATH\CodeIgniter.php(355): CodeIgniter\CodeIgniter->handleRequest(null, Object(Config\Cache), false)
 5 SYSTEMPATH\Boot.php(325): CodeIgniter\CodeIgniter->run()
 6 SYSTEMPATH\Boot.php(67): CodeIgniter\Boot::runCodeIgniter(Object(CodeIgniter\CodeIgniter))
 7 FCPATH\index.php(56): CodeIgniter\Boot::bootWeb(Object(Config\Paths))
 8 ROOTPATH\index.php(7): require_once('D:\\x8\\htdocs\\thecup\\public\\index.php')
CRITICAL - 2026-01-30 02:25:19 --> ErrorException: Undefined array key ""
[Method: GET, Route: cart/deleteItem]
in APPPATH\Controllers\CartController.php on line 1172.
 1 APPPATH\Controllers\CartController.php(1172): CodeIgniter\Debug\Exceptions->errorHandler(2, 'Undefined array key ""', 'D:\\x8\\htdocs\\thecup\\app\\Controllers\\CartController.php', 1172)
 2 SYSTEMPATH\CodeIgniter.php(933): App\Controllers\CartController->deleteItem()
 3 SYSTEMPATH\CodeIgniter.php(509): CodeIgniter\CodeIgniter->runController(Object(App\Controllers\CartController))
 4 SYSTEMPATH\CodeIgniter.php(355): CodeIgniter\CodeIgniter->handleRequest(null, Object(Config\Cache), false)
 5 SYSTEMPATH\Boot.php(325): CodeIgniter\CodeIgniter->run()
 6 SYSTEMPATH\Boot.php(67): CodeIgniter\Boot::runCodeIgniter(Object(CodeIgniter\CodeIgniter))
 7 FCPATH\index.php(56): CodeIgniter\Boot::bootWeb(Object(Config\Paths))
 8 ROOTPATH\index.php(7): require_once('D:\\x8\\htdocs\\thecup\\public\\index.php')
CRITICAL - 2026-01-30 02:26:12 --> TypeError: count(): Argument #1 ($value) must be of type Countable|array, stdClass given
[Method: GET, Route: cart]
in APPPATH\Models\CartModel.php on line 33.
 1 APPPATH\Models\CartModel.php(33): count(Object(stdClass))
 2 APPPATH\Views\front-end\components\navbar.php(147): App\Models\CartModel->countCart()
 3 APPPATH\Views\front-end\main.php(5): include('D:\\x8\\htdocs\\thecup\\app\\Views\\front-end\\components\\navbar.php')
 4 SYSTEMPATH\View\View.php(234): include('D:\\x8\\htdocs\\thecup\\app\\Views\\front-end\\main.php')
 5 SYSTEMPATH\View\View.php(237): CodeIgniter\View\View->CodeIgniter\View\{closure}()
 6 SYSTEMPATH\Common.php(1171): CodeIgniter\View\View->render('front-end/main', [], true)
 7 APPPATH\Controllers\CartController.php(34): view('front-end/main', [...])
 8 SYSTEMPATH\CodeIgniter.php(933): App\Controllers\CartController->index()
 9 SYSTEMPATH\CodeIgniter.php(509): CodeIgniter\CodeIgniter->runController(Object(App\Controllers\CartController))
10 SYSTEMPATH\CodeIgniter.php(355): CodeIgniter\CodeIgniter->handleRequest(null, Object(Config\Cache), false)
11 SYSTEMPATH\Boot.php(325): CodeIgniter\CodeIgniter->run()
12 SYSTEMPATH\Boot.php(67): CodeIgniter\Boot::runCodeIgniter(Object(CodeIgniter\CodeIgniter))
13 FCPATH\index.php(56): CodeIgniter\Boot::bootWeb(Object(Config\Paths))
14 ROOTPATH\index.php(7): require_once('D:\\x8\\htdocs\\thecup\\public\\index.php')
CRITICAL - 2026-01-30 02:30:21 --> TypeError: count(): Argument #1 ($value) must be of type Countable|array, stdClass given
[Method: GET, Route: cart/countCart]
in APPPATH\Controllers\CartController.php on line 790.
 1 APPPATH\Controllers\CartController.php(790): count(Object(stdClass))
 2 APPPATH\Controllers\CartController.php(808): App\Controllers\CartController->countTotal()
 3 SYSTEMPATH\CodeIgniter.php(933): App\Controllers\CartController->countCart()
 4 SYSTEMPATH\CodeIgniter.php(509): CodeIgniter\CodeIgniter->runController(Object(App\Controllers\CartController))
 5 SYSTEMPATH\CodeIgniter.php(355): CodeIgniter\CodeIgniter->handleRequest(null, Object(Config\Cache), false)
 6 SYSTEMPATH\Boot.php(325): CodeIgniter\CodeIgniter->run()
 7 SYSTEMPATH\Boot.php(67): CodeIgniter\Boot::runCodeIgniter(Object(CodeIgniter\CodeIgniter))
 8 FCPATH\index.php(56): CodeIgniter\Boot::bootWeb(Object(Config\Paths))
 9 ROOTPATH\index.php(7): require_once('D:\\x8\\htdocs\\thecup\\public\\index.php')
CRITICAL - 2026-01-30 02:30:35 --> TypeError: count(): Argument #1 ($value) must be of type Countable|array, stdClass given
[Method: GET, Route: cart/countCart]
in APPPATH\Controllers\CartController.php on line 790.
 1 APPPATH\Controllers\CartController.php(790): count(Object(stdClass))
 2 APPPATH\Controllers\CartController.php(808): App\Controllers\CartController->countTotal()
 3 SYSTEMPATH\CodeIgniter.php(933): App\Controllers\CartController->countCart()
 4 SYSTEMPATH\CodeIgniter.php(509): CodeIgniter\CodeIgniter->runController(Object(App\Controllers\CartController))
 5 SYSTEMPATH\CodeIgniter.php(355): CodeIgniter\CodeIgniter->handleRequest(null, Object(Config\Cache), false)
 6 SYSTEMPATH\Boot.php(325): CodeIgniter\CodeIgniter->run()
 7 SYSTEMPATH\Boot.php(67): CodeIgniter\Boot::runCodeIgniter(Object(CodeIgniter\CodeIgniter))
 8 FCPATH\index.php(56): CodeIgniter\Boot::bootWeb(Object(Config\Paths))
 9 ROOTPATH\index.php(7): require_once('D:\\x8\\htdocs\\thecup\\public\\index.php')
CRITICAL - 2026-01-30 02:30:55 --> TypeError: count(): Argument #1 ($value) must be of type Countable|array, stdClass given
[Method: GET, Route: cart/countCart]
in APPPATH\Controllers\CartController.php on line 790.
 1 APPPATH\Controllers\CartController.php(790): count(Object(stdClass))
 2 APPPATH\Controllers\CartController.php(808): App\Controllers\CartController->countTotal()
 3 SYSTEMPATH\CodeIgniter.php(933): App\Controllers\CartController->countCart()
 4 SYSTEMPATH\CodeIgniter.php(509): CodeIgniter\CodeIgniter->runController(Object(App\Controllers\CartController))
 5 SYSTEMPATH\CodeIgniter.php(355): CodeIgniter\CodeIgniter->handleRequest(null, Object(Config\Cache), false)
 6 SYSTEMPATH\Boot.php(325): CodeIgniter\CodeIgniter->run()
 7 SYSTEMPATH\Boot.php(67): CodeIgniter\Boot::runCodeIgniter(Object(CodeIgniter\CodeIgniter))
 8 FCPATH\index.php(56): CodeIgniter\Boot::bootWeb(Object(Config\Paths))
 9 ROOTPATH\index.php(7): require_once('D:\\x8\\htdocs\\thecup\\public\\index.php')
CRITICAL - 2026-01-30 02:31:02 --> TypeError: count(): Argument #1 ($value) must be of type Countable|array, stdClass given
[Method: GET, Route: cart/countCart]
in APPPATH\Controllers\CartController.php on line 790.
 1 APPPATH\Controllers\CartController.php(790): count(Object(stdClass))
 2 APPPATH\Controllers\CartController.php(808): App\Controllers\CartController->countTotal()
 3 SYSTEMPATH\CodeIgniter.php(933): App\Controllers\CartController->countCart()
 4 SYSTEMPATH\CodeIgniter.php(509): CodeIgniter\CodeIgniter->runController(Object(App\Controllers\CartController))
 5 SYSTEMPATH\CodeIgniter.php(355): CodeIgniter\CodeIgniter->handleRequest(null, Object(Config\Cache), false)
 6 SYSTEMPATH\Boot.php(325): CodeIgniter\CodeIgniter->run()
 7 SYSTEMPATH\Boot.php(67): CodeIgniter\Boot::runCodeIgniter(Object(CodeIgniter\CodeIgniter))
 8 FCPATH\index.php(56): CodeIgniter\Boot::bootWeb(Object(Config\Paths))
 9 ROOTPATH\index.php(7): require_once('D:\\x8\\htdocs\\thecup\\public\\index.php')
CRITICAL - 2026-01-30 03:00:13 --> TypeError: count(): Argument #1 ($value) must be of type Countable|array, stdClass given
[Method: GET, Route: cart/countCart]
in APPPATH\Controllers\CartController.php on line 790.
 1 APPPATH\Controllers\CartController.php(790): count(Object(stdClass))
 2 APPPATH\Controllers\CartController.php(808): App\Controllers\CartController->countTotal()
 3 SYSTEMPATH\CodeIgniter.php(933): App\Controllers\CartController->countCart()
 4 SYSTEMPATH\CodeIgniter.php(509): CodeIgniter\CodeIgniter->runController(Object(App\Controllers\CartController))
 5 SYSTEMPATH\CodeIgniter.php(355): CodeIgniter\CodeIgniter->handleRequest(null, Object(Config\Cache), false)
 6 SYSTEMPATH\Boot.php(325): CodeIgniter\CodeIgniter->run()
 7 SYSTEMPATH\Boot.php(67): CodeIgniter\Boot::runCodeIgniter(Object(CodeIgniter\CodeIgniter))
 8 FCPATH\index.php(56): CodeIgniter\Boot::bootWeb(Object(Config\Paths))
 9 ROOTPATH\index.php(7): require_once('D:\\x8\\htdocs\\thecup\\public\\index.php')
CRITICAL - 2026-01-30 03:00:19 --> TypeError: count(): Argument #1 ($value) must be of type Countable|array, stdClass given
[Method: GET, Route: cart/countCart]
in APPPATH\Controllers\CartController.php on line 790.
 1 APPPATH\Controllers\CartController.php(790): count(Object(stdClass))
 2 APPPATH\Controllers\CartController.php(808): App\Controllers\CartController->countTotal()
 3 SYSTEMPATH\CodeIgniter.php(933): App\Controllers\CartController->countCart()
 4 SYSTEMPATH\CodeIgniter.php(509): CodeIgniter\CodeIgniter->runController(Object(App\Controllers\CartController))
 5 SYSTEMPATH\CodeIgniter.php(355): CodeIgniter\CodeIgniter->handleRequest(null, Object(Config\Cache), false)
 6 SYSTEMPATH\Boot.php(325): CodeIgniter\CodeIgniter->run()
 7 SYSTEMPATH\Boot.php(67): CodeIgniter\Boot::runCodeIgniter(Object(CodeIgniter\CodeIgniter))
 8 FCPATH\index.php(56): CodeIgniter\Boot::bootWeb(Object(Config\Paths))
 9 ROOTPATH\index.php(7): require_once('D:\\x8\\htdocs\\thecup\\public\\index.php')
CRITICAL - 2026-01-30 03:00:22 --> TypeError: count(): Argument #1 ($value) must be of type Countable|array, stdClass given
[Method: GET, Route: cart/countCart]
in APPPATH\Controllers\CartController.php on line 790.
 1 APPPATH\Controllers\CartController.php(790): count(Object(stdClass))
 2 APPPATH\Controllers\CartController.php(808): App\Controllers\CartController->countTotal()
 3 SYSTEMPATH\CodeIgniter.php(933): App\Controllers\CartController->countCart()
 4 SYSTEMPATH\CodeIgniter.php(509): CodeIgniter\CodeIgniter->runController(Object(App\Controllers\CartController))
 5 SYSTEMPATH\CodeIgniter.php(355): CodeIgniter\CodeIgniter->handleRequest(null, Object(Config\Cache), false)
 6 SYSTEMPATH\Boot.php(325): CodeIgniter\CodeIgniter->run()
 7 SYSTEMPATH\Boot.php(67): CodeIgniter\Boot::runCodeIgniter(Object(CodeIgniter\CodeIgniter))
 8 FCPATH\index.php(56): CodeIgniter\Boot::bootWeb(Object(Config\Paths))
 9 ROOTPATH\index.php(7): require_once('D:\\x8\\htdocs\\thecup\\public\\index.php')
CRITICAL - 2026-01-30 03:01:42 --> TypeError: count(): Argument #1 ($value) must be of type Countable|array, stdClass given
[Method: GET, Route: cart/countCart]
in APPPATH\Controllers\CartController.php on line 790.
 1 APPPATH\Controllers\CartController.php(790): count(Object(stdClass))
 2 APPPATH\Controllers\CartController.php(808): App\Controllers\CartController->countTotal()
 3 SYSTEMPATH\CodeIgniter.php(933): App\Controllers\CartController->countCart()
 4 SYSTEMPATH\CodeIgniter.php(509): CodeIgniter\CodeIgniter->runController(Object(App\Controllers\CartController))
 5 SYSTEMPATH\CodeIgniter.php(355): CodeIgniter\CodeIgniter->handleRequest(null, Object(Config\Cache), false)
 6 SYSTEMPATH\Boot.php(325): CodeIgniter\CodeIgniter->run()
 7 SYSTEMPATH\Boot.php(67): CodeIgniter\Boot::runCodeIgniter(Object(CodeIgniter\CodeIgniter))
 8 FCPATH\index.php(56): CodeIgniter\Boot::bootWeb(Object(Config\Paths))
 9 ROOTPATH\index.php(7): require_once('D:\\x8\\htdocs\\thecup\\public\\index.php')
CRITICAL - 2026-01-30 03:01:46 --> TypeError: count(): Argument #1 ($value) must be of type Countable|array, stdClass given
[Method: GET, Route: cart/countCart]
in APPPATH\Controllers\CartController.php on line 790.
 1 APPPATH\Controllers\CartController.php(790): count(Object(stdClass))
 2 APPPATH\Controllers\CartController.php(808): App\Controllers\CartController->countTotal()
 3 SYSTEMPATH\CodeIgniter.php(933): App\Controllers\CartController->countCart()
 4 SYSTEMPATH\CodeIgniter.php(509): CodeIgniter\CodeIgniter->runController(Object(App\Controllers\CartController))
 5 SYSTEMPATH\CodeIgniter.php(355): CodeIgniter\CodeIgniter->handleRequest(null, Object(Config\Cache), false)
 6 SYSTEMPATH\Boot.php(325): CodeIgniter\CodeIgniter->run()
 7 SYSTEMPATH\Boot.php(67): CodeIgniter\Boot::runCodeIgniter(Object(CodeIgniter\CodeIgniter))
 8 FCPATH\index.php(56): CodeIgniter\Boot::bootWeb(Object(Config\Paths))
 9 ROOTPATH\index.php(7): require_once('D:\\x8\\htdocs\\thecup\\public\\index.php')
CRITICAL - 2026-01-30 09:25:29 --> Twilio\Exceptions\RestException: [HTTP 401] Unable to create record: Authenticate
[Method: POST, Route: cart/complete_payment]
in ROOTPATH\sms\twilio-php-main\src\Twilio\Version.php on line 88.
 1 ROOTPATH\sms\twilio-php-main\src\Twilio\Version.php(223): Twilio\Version->exception(Object(Twilio\Http\Response), 'Unable to create record')
 2 ROOTPATH\sms\twilio-php-main\src\Twilio\Rest\Api\V2010\Account\MessageList.php(116): Twilio\Version->create('POST', '/Accounts/AC74a1ae1b36a167b27769ab66294d9221/Messages.json', [], [...], [...])
 3 APPPATH\Controllers\CartController.php(680): Twilio\Rest\Api\V2010\Account\MessageList->create('+61481611125', Object(Twilio\Values))
 4 SYSTEMPATH\CodeIgniter.php(933): App\Controllers\CartController->complete_payment()
 5 SYSTEMPATH\CodeIgniter.php(509): CodeIgniter\CodeIgniter->runController(Object(App\Controllers\CartController))
 6 SYSTEMPATH\CodeIgniter.php(355): CodeIgniter\CodeIgniter->handleRequest(null, Object(Config\Cache), false)
 7 SYSTEMPATH\Boot.php(325): CodeIgniter\CodeIgniter->run()
 8 SYSTEMPATH\Boot.php(67): CodeIgniter\Boot::runCodeIgniter(Object(CodeIgniter\CodeIgniter))
 9 FCPATH\index.php(56): CodeIgniter\Boot::bootWeb(Object(Config\Paths))
10 ROOTPATH\index.php(7): require_once('D:\\x8\\htdocs\\thecup\\public\\index.php')
CRITICAL - 2026-01-30 10:20:41 --> Twilio\Exceptions\RestException: [HTTP 401] Unable to create record: Authenticate
[Method: POST, Route: cart/complete_payment]
in ROOTPATH\sms\twilio-php-main\src\Twilio\Version.php on line 88.
 1 ROOTPATH\sms\twilio-php-main\src\Twilio\Version.php(223): Twilio\Version->exception(Object(Twilio\Http\Response), 'Unable to create record')
 2 ROOTPATH\sms\twilio-php-main\src\Twilio\Rest\Api\V2010\Account\MessageList.php(116): Twilio\Version->create('POST', '/Accounts/AC74a1ae1b36a167b27769ab66294d9221/Messages.json', [], [...], [...])
 3 APPPATH\Controllers\CartController.php(680): Twilio\Rest\Api\V2010\Account\MessageList->create('+61481611125', Object(Twilio\Values))
 4 SYSTEMPATH\CodeIgniter.php(933): App\Controllers\CartController->complete_payment()
 5 SYSTEMPATH\CodeIgniter.php(509): CodeIgniter\CodeIgniter->runController(Object(App\Controllers\CartController))
 6 SYSTEMPATH\CodeIgniter.php(355): CodeIgniter\CodeIgniter->handleRequest(null, Object(Config\Cache), false)
 7 SYSTEMPATH\Boot.php(325): CodeIgniter\CodeIgniter->run()
 8 SYSTEMPATH\Boot.php(67): CodeIgniter\Boot::runCodeIgniter(Object(CodeIgniter\CodeIgniter))
 9 FCPATH\index.php(56): CodeIgniter\Boot::bootWeb(Object(Config\Paths))
10 ROOTPATH\index.php(7): require_once('D:\\x8\\htdocs\\thecup\\public\\index.php')
