CRITICAL - 2026-02-03 02:07:12 --> ErrorException: syntax error, unexpected '=' in D:\x8\htdocs\thecup\app/Language/countries/Chinese.ini on line 590

[Method: GET, Route: order/claim]
in APPPATH\Common.php on line 45.
 1 [internal function]: CodeIgniter\Debug\Exceptions->errorHandler(2, 'syntax error, unexpected \'=\' in D:\\x8\\htdocs\\thecup\\app/Language/countries/Chinese.ini on line 590
', 'D:\\x8\\htdocs\\thecup\\app\\Common.php', 45)
 2 APPPATH\Common.php(45): parse_ini_file('D:\\x8\\htdocs\\thecup\\app/Language/countries/Chinese.ini')
 3 APPPATH\Views\front-end\components\navbar.php(3): VLang::__e('THECUP_LOGON')
 4 APPPATH\Views\front-end\main.php(5): include('D:\\x8\\htdocs\\thecup\\app\\Views\\front-end\\components\\navbar.php')
 5 SYSTEMPATH\View\View.php(234): include('D:\\x8\\htdocs\\thecup\\app\\Views\\front-end\\main.php')
 6 SYSTEMPATH\View\View.php(237): CodeIgniter\View\View->CodeIgniter\View\{closure}()
 7 SYSTEMPATH\Common.php(1171): CodeIgniter\View\View->render('front-end/main', [], true)
 8 APPPATH\Controllers\OrderController.php(105): view('front-end/main', [...])
 9 SYSTEMPATH\CodeIgniter.php(933): App\Controllers\OrderController->claim()
10 SYSTEMPATH\CodeIgniter.php(509): CodeIgniter\CodeIgniter->runController(Object(App\Controllers\OrderController))
11 SYSTEMPATH\CodeIgniter.php(355): CodeIgniter\CodeIgniter->handleRequest(null, Object(Config\Cache), false)
12 SYSTEMPATH\Boot.php(325): CodeIgniter\CodeIgniter->run()
13 SYSTEMPATH\Boot.php(67): CodeIgniter\Boot::runCodeIgniter(Object(CodeIgniter\CodeIgniter))
14 FCPATH\index.php(56): CodeIgniter\Boot::bootWeb(Object(Config\Paths))
15 ROOTPATH\index.php(7): require_once('D:\\x8\\htdocs\\thecup\\public\\index.php')
CRITICAL - 2026-02-03 02:07:46 --> ErrorException: syntax error, unexpected '=' in D:\x8\htdocs\thecup\app/Language/countries/Chinese.ini on line 590

[Method: GET, Route: order/claim]
in APPPATH\Common.php on line 45.
 1 [internal function]: CodeIgniter\Debug\Exceptions->errorHandler(2, 'syntax error, unexpected \'=\' in D:\\x8\\htdocs\\thecup\\app/Language/countries/Chinese.ini on line 590
', 'D:\\x8\\htdocs\\thecup\\app\\Common.php', 45)
 2 APPPATH\Common.php(45): parse_ini_file('D:\\x8\\htdocs\\thecup\\app/Language/countries/Chinese.ini')
 3 APPPATH\Views\front-end\components\navbar.php(3): VLang::__e('THECUP_LOGON')
 4 APPPATH\Views\front-end\main.php(5): include('D:\\x8\\htdocs\\thecup\\app\\Views\\front-end\\components\\navbar.php')
 5 SYSTEMPATH\View\View.php(234): include('D:\\x8\\htdocs\\thecup\\app\\Views\\front-end\\main.php')
 6 SYSTEMPATH\View\View.php(237): CodeIgniter\View\View->CodeIgniter\View\{closure}()
 7 SYSTEMPATH\Common.php(1171): CodeIgniter\View\View->render('front-end/main', [], true)
 8 APPPATH\Controllers\OrderController.php(105): view('front-end/main', [...])
 9 SYSTEMPATH\CodeIgniter.php(933): App\Controllers\OrderController->claim()
10 SYSTEMPATH\CodeIgniter.php(509): CodeIgniter\CodeIgniter->runController(Object(App\Controllers\OrderController))
11 SYSTEMPATH\CodeIgniter.php(355): CodeIgniter\CodeIgniter->handleRequest(null, Object(Config\Cache), false)
12 SYSTEMPATH\Boot.php(325): CodeIgniter\CodeIgniter->run()
13 SYSTEMPATH\Boot.php(67): CodeIgniter\Boot::runCodeIgniter(Object(CodeIgniter\CodeIgniter))
14 FCPATH\index.php(56): CodeIgniter\Boot::bootWeb(Object(Config\Paths))
15 ROOTPATH\index.php(7): require_once('D:\\x8\\htdocs\\thecup\\public\\index.php')
CRITICAL - 2026-02-03 02:07:53 --> ErrorException: syntax error, unexpected '=' in D:\x8\htdocs\thecup\app/Language/countries/Chinese.ini on line 590

[Method: GET, Route: order/claim]
in APPPATH\Common.php on line 45.
 1 [internal function]: CodeIgniter\Debug\Exceptions->errorHandler(2, 'syntax error, unexpected \'=\' in D:\\x8\\htdocs\\thecup\\app/Language/countries/Chinese.ini on line 590
', 'D:\\x8\\htdocs\\thecup\\app\\Common.php', 45)
 2 APPPATH\Common.php(45): parse_ini_file('D:\\x8\\htdocs\\thecup\\app/Language/countries/Chinese.ini')
 3 APPPATH\Views\front-end\components\navbar.php(3): VLang::__e('THECUP_LOGON')
 4 APPPATH\Views\front-end\main.php(5): include('D:\\x8\\htdocs\\thecup\\app\\Views\\front-end\\components\\navbar.php')
 5 SYSTEMPATH\View\View.php(234): include('D:\\x8\\htdocs\\thecup\\app\\Views\\front-end\\main.php')
 6 SYSTEMPATH\View\View.php(237): CodeIgniter\View\View->CodeIgniter\View\{closure}()
 7 SYSTEMPATH\Common.php(1171): CodeIgniter\View\View->render('front-end/main', [], true)
 8 APPPATH\Controllers\OrderController.php(105): view('front-end/main', [...])
 9 SYSTEMPATH\CodeIgniter.php(933): App\Controllers\OrderController->claim()
10 SYSTEMPATH\CodeIgniter.php(509): CodeIgniter\CodeIgniter->runController(Object(App\Controllers\OrderController))
11 SYSTEMPATH\CodeIgniter.php(355): CodeIgniter\CodeIgniter->handleRequest(null, Object(Config\Cache), false)
12 SYSTEMPATH\Boot.php(325): CodeIgniter\CodeIgniter->run()
13 SYSTEMPATH\Boot.php(67): CodeIgniter\Boot::runCodeIgniter(Object(CodeIgniter\CodeIgniter))
14 FCPATH\index.php(56): CodeIgniter\Boot::bootWeb(Object(Config\Paths))
15 ROOTPATH\index.php(7): require_once('D:\\x8\\htdocs\\thecup\\public\\index.php')
CRITICAL - 2026-02-03 02:08:19 --> ErrorException: syntax error, unexpected '=' in D:\x8\htdocs\thecup\app/Language/countries/Chinese.ini on line 590

[Method: GET, Route: order/claim]
in APPPATH\Common.php on line 45.
 1 [internal function]: CodeIgniter\Debug\Exceptions->errorHandler(2, 'syntax error, unexpected \'=\' in D:\\x8\\htdocs\\thecup\\app/Language/countries/Chinese.ini on line 590
', 'D:\\x8\\htdocs\\thecup\\app\\Common.php', 45)
 2 APPPATH\Common.php(45): parse_ini_file('D:\\x8\\htdocs\\thecup\\app/Language/countries/Chinese.ini')
 3 APPPATH\Views\front-end\components\navbar.php(3): VLang::__e('THECUP_LOGON')
 4 APPPATH\Views\front-end\main.php(5): include('D:\\x8\\htdocs\\thecup\\app\\Views\\front-end\\components\\navbar.php')
 5 SYSTEMPATH\View\View.php(234): include('D:\\x8\\htdocs\\thecup\\app\\Views\\front-end\\main.php')
 6 SYSTEMPATH\View\View.php(237): CodeIgniter\View\View->CodeIgniter\View\{closure}()
 7 SYSTEMPATH\Common.php(1171): CodeIgniter\View\View->render('front-end/main', [], true)
 8 APPPATH\Controllers\OrderController.php(105): view('front-end/main', [...])
 9 SYSTEMPATH\CodeIgniter.php(933): App\Controllers\OrderController->claim()
10 SYSTEMPATH\CodeIgniter.php(509): CodeIgniter\CodeIgniter->runController(Object(App\Controllers\OrderController))
11 SYSTEMPATH\CodeIgniter.php(355): CodeIgniter\CodeIgniter->handleRequest(null, Object(Config\Cache), false)
12 SYSTEMPATH\Boot.php(325): CodeIgniter\CodeIgniter->run()
13 SYSTEMPATH\Boot.php(67): CodeIgniter\Boot::runCodeIgniter(Object(CodeIgniter\CodeIgniter))
14 FCPATH\index.php(56): CodeIgniter\Boot::bootWeb(Object(Config\Paths))
15 ROOTPATH\index.php(7): require_once('D:\\x8\\htdocs\\thecup\\public\\index.php')
CRITICAL - 2026-02-03 02:08:21 --> ErrorException: syntax error, unexpected '=' in D:\x8\htdocs\thecup\app/Language/countries/Chinese.ini on line 590

[Method: GET, Route: order/claim]
in APPPATH\Common.php on line 45.
 1 [internal function]: CodeIgniter\Debug\Exceptions->errorHandler(2, 'syntax error, unexpected \'=\' in D:\\x8\\htdocs\\thecup\\app/Language/countries/Chinese.ini on line 590
', 'D:\\x8\\htdocs\\thecup\\app\\Common.php', 45)
 2 APPPATH\Common.php(45): parse_ini_file('D:\\x8\\htdocs\\thecup\\app/Language/countries/Chinese.ini')
 3 APPPATH\Views\front-end\components\navbar.php(3): VLang::__e('THECUP_LOGON')
 4 APPPATH\Views\front-end\main.php(5): include('D:\\x8\\htdocs\\thecup\\app\\Views\\front-end\\components\\navbar.php')
 5 SYSTEMPATH\View\View.php(234): include('D:\\x8\\htdocs\\thecup\\app\\Views\\front-end\\main.php')
 6 SYSTEMPATH\View\View.php(237): CodeIgniter\View\View->CodeIgniter\View\{closure}()
 7 SYSTEMPATH\Common.php(1171): CodeIgniter\View\View->render('front-end/main', [], true)
 8 APPPATH\Controllers\OrderController.php(105): view('front-end/main', [...])
 9 SYSTEMPATH\CodeIgniter.php(933): App\Controllers\OrderController->claim()
10 SYSTEMPATH\CodeIgniter.php(509): CodeIgniter\CodeIgniter->runController(Object(App\Controllers\OrderController))
11 SYSTEMPATH\CodeIgniter.php(355): CodeIgniter\CodeIgniter->handleRequest(null, Object(Config\Cache), false)
12 SYSTEMPATH\Boot.php(325): CodeIgniter\CodeIgniter->run()
13 SYSTEMPATH\Boot.php(67): CodeIgniter\Boot::runCodeIgniter(Object(CodeIgniter\CodeIgniter))
14 FCPATH\index.php(56): CodeIgniter\Boot::bootWeb(Object(Config\Paths))
15 ROOTPATH\index.php(7): require_once('D:\\x8\\htdocs\\thecup\\public\\index.php')
CRITICAL - 2026-02-03 02:08:34 --> ErrorException: syntax error, unexpected '=' in D:\x8\htdocs\thecup\app/Language/countries/Chinese.ini on line 590

[Method: GET, Route: order/claim]
in APPPATH\Common.php on line 45.
 1 [internal function]: CodeIgniter\Debug\Exceptions->errorHandler(2, 'syntax error, unexpected \'=\' in D:\\x8\\htdocs\\thecup\\app/Language/countries/Chinese.ini on line 590
', 'D:\\x8\\htdocs\\thecup\\app\\Common.php', 45)
 2 APPPATH\Common.php(45): parse_ini_file('D:\\x8\\htdocs\\thecup\\app/Language/countries/Chinese.ini')
 3 APPPATH\Views\front-end\components\navbar.php(3): VLang::__e('THECUP_LOGON')
 4 APPPATH\Views\front-end\main.php(5): include('D:\\x8\\htdocs\\thecup\\app\\Views\\front-end\\components\\navbar.php')
 5 SYSTEMPATH\View\View.php(234): include('D:\\x8\\htdocs\\thecup\\app\\Views\\front-end\\main.php')
 6 SYSTEMPATH\View\View.php(237): CodeIgniter\View\View->CodeIgniter\View\{closure}()
 7 SYSTEMPATH\Common.php(1171): CodeIgniter\View\View->render('front-end/main', [], true)
 8 APPPATH\Controllers\OrderController.php(105): view('front-end/main', [...])
 9 SYSTEMPATH\CodeIgniter.php(933): App\Controllers\OrderController->claim()
10 SYSTEMPATH\CodeIgniter.php(509): CodeIgniter\CodeIgniter->runController(Object(App\Controllers\OrderController))
11 SYSTEMPATH\CodeIgniter.php(355): CodeIgniter\CodeIgniter->handleRequest(null, Object(Config\Cache), false)
12 SYSTEMPATH\Boot.php(325): CodeIgniter\CodeIgniter->run()
13 SYSTEMPATH\Boot.php(67): CodeIgniter\Boot::runCodeIgniter(Object(CodeIgniter\CodeIgniter))
14 FCPATH\index.php(56): CodeIgniter\Boot::bootWeb(Object(Config\Paths))
15 ROOTPATH\index.php(7): require_once('D:\\x8\\htdocs\\thecup\\public\\index.php')
CRITICAL - 2026-02-03 02:08:43 --> ErrorException: syntax error, unexpected '=' in D:\x8\htdocs\thecup\app/Language/countries/Chinese.ini on line 590

[Method: GET, Route: order/claim]
in APPPATH\Common.php on line 45.
 1 [internal function]: CodeIgniter\Debug\Exceptions->errorHandler(2, 'syntax error, unexpected \'=\' in D:\\x8\\htdocs\\thecup\\app/Language/countries/Chinese.ini on line 590
', 'D:\\x8\\htdocs\\thecup\\app\\Common.php', 45)
 2 APPPATH\Common.php(45): parse_ini_file('D:\\x8\\htdocs\\thecup\\app/Language/countries/Chinese.ini')
 3 APPPATH\Views\front-end\components\navbar.php(3): VLang::__e('THECUP_LOGON')
 4 APPPATH\Views\front-end\main.php(5): include('D:\\x8\\htdocs\\thecup\\app\\Views\\front-end\\components\\navbar.php')
 5 SYSTEMPATH\View\View.php(234): include('D:\\x8\\htdocs\\thecup\\app\\Views\\front-end\\main.php')
 6 SYSTEMPATH\View\View.php(237): CodeIgniter\View\View->CodeIgniter\View\{closure}()
 7 SYSTEMPATH\Common.php(1171): CodeIgniter\View\View->render('front-end/main', [], true)
 8 APPPATH\Controllers\OrderController.php(105): view('front-end/main', [...])
 9 SYSTEMPATH\CodeIgniter.php(933): App\Controllers\OrderController->claim()
10 SYSTEMPATH\CodeIgniter.php(509): CodeIgniter\CodeIgniter->runController(Object(App\Controllers\OrderController))
11 SYSTEMPATH\CodeIgniter.php(355): CodeIgniter\CodeIgniter->handleRequest(null, Object(Config\Cache), false)
12 SYSTEMPATH\Boot.php(325): CodeIgniter\CodeIgniter->run()
13 SYSTEMPATH\Boot.php(67): CodeIgniter\Boot::runCodeIgniter(Object(CodeIgniter\CodeIgniter))
14 FCPATH\index.php(56): CodeIgniter\Boot::bootWeb(Object(Config\Paths))
15 ROOTPATH\index.php(7): require_once('D:\\x8\\htdocs\\thecup\\public\\index.php')
CRITICAL - 2026-02-03 02:08:52 --> ErrorException: syntax error, unexpected '=' in D:\x8\htdocs\thecup\app/Language/countries/Chinese.ini on line 590

[Method: GET, Route: order/claim]
in APPPATH\Common.php on line 45.
 1 [internal function]: CodeIgniter\Debug\Exceptions->errorHandler(2, 'syntax error, unexpected \'=\' in D:\\x8\\htdocs\\thecup\\app/Language/countries/Chinese.ini on line 590
', 'D:\\x8\\htdocs\\thecup\\app\\Common.php', 45)
 2 APPPATH\Common.php(45): parse_ini_file('D:\\x8\\htdocs\\thecup\\app/Language/countries/Chinese.ini')
 3 APPPATH\Views\front-end\components\navbar.php(3): VLang::__e('THECUP_LOGON')
 4 APPPATH\Views\front-end\main.php(5): include('D:\\x8\\htdocs\\thecup\\app\\Views\\front-end\\components\\navbar.php')
 5 SYSTEMPATH\View\View.php(234): include('D:\\x8\\htdocs\\thecup\\app\\Views\\front-end\\main.php')
 6 SYSTEMPATH\View\View.php(237): CodeIgniter\View\View->CodeIgniter\View\{closure}()
 7 SYSTEMPATH\Common.php(1171): CodeIgniter\View\View->render('front-end/main', [], true)
 8 APPPATH\Controllers\OrderController.php(105): view('front-end/main', [...])
 9 SYSTEMPATH\CodeIgniter.php(933): App\Controllers\OrderController->claim()
10 SYSTEMPATH\CodeIgniter.php(509): CodeIgniter\CodeIgniter->runController(Object(App\Controllers\OrderController))
11 SYSTEMPATH\CodeIgniter.php(355): CodeIgniter\CodeIgniter->handleRequest(null, Object(Config\Cache), false)
12 SYSTEMPATH\Boot.php(325): CodeIgniter\CodeIgniter->run()
13 SYSTEMPATH\Boot.php(67): CodeIgniter\Boot::runCodeIgniter(Object(CodeIgniter\CodeIgniter))
14 FCPATH\index.php(56): CodeIgniter\Boot::bootWeb(Object(Config\Paths))
15 ROOTPATH\index.php(7): require_once('D:\\x8\\htdocs\\thecup\\public\\index.php')
CRITICAL - 2026-02-03 02:08:53 --> ErrorException: syntax error, unexpected '=' in D:\x8\htdocs\thecup\app/Language/countries/Chinese.ini on line 590

[Method: GET, Route: order/claim]
in APPPATH\Common.php on line 45.
 1 [internal function]: CodeIgniter\Debug\Exceptions->errorHandler(2, 'syntax error, unexpected \'=\' in D:\\x8\\htdocs\\thecup\\app/Language/countries/Chinese.ini on line 590
', 'D:\\x8\\htdocs\\thecup\\app\\Common.php', 45)
 2 APPPATH\Common.php(45): parse_ini_file('D:\\x8\\htdocs\\thecup\\app/Language/countries/Chinese.ini')
 3 APPPATH\Views\front-end\components\navbar.php(3): VLang::__e('THECUP_LOGON')
 4 APPPATH\Views\front-end\main.php(5): include('D:\\x8\\htdocs\\thecup\\app\\Views\\front-end\\components\\navbar.php')
 5 SYSTEMPATH\View\View.php(234): include('D:\\x8\\htdocs\\thecup\\app\\Views\\front-end\\main.php')
 6 SYSTEMPATH\View\View.php(237): CodeIgniter\View\View->CodeIgniter\View\{closure}()
 7 SYSTEMPATH\Common.php(1171): CodeIgniter\View\View->render('front-end/main', [], true)
 8 APPPATH\Controllers\OrderController.php(105): view('front-end/main', [...])
 9 SYSTEMPATH\CodeIgniter.php(933): App\Controllers\OrderController->claim()
10 SYSTEMPATH\CodeIgniter.php(509): CodeIgniter\CodeIgniter->runController(Object(App\Controllers\OrderController))
11 SYSTEMPATH\CodeIgniter.php(355): CodeIgniter\CodeIgniter->handleRequest(null, Object(Config\Cache), false)
12 SYSTEMPATH\Boot.php(325): CodeIgniter\CodeIgniter->run()
13 SYSTEMPATH\Boot.php(67): CodeIgniter\Boot::runCodeIgniter(Object(CodeIgniter\CodeIgniter))
14 FCPATH\index.php(56): CodeIgniter\Boot::bootWeb(Object(Config\Paths))
15 ROOTPATH\index.php(7): require_once('D:\\x8\\htdocs\\thecup\\public\\index.php')
CRITICAL - 2026-02-03 02:09:05 --> ErrorException: syntax error, unexpected '=' in D:\x8\htdocs\thecup\app/Language/countries/Chinese.ini on line 590

[Method: GET, Route: order/claim]
in APPPATH\Common.php on line 45.
 1 [internal function]: CodeIgniter\Debug\Exceptions->errorHandler(2, 'syntax error, unexpected \'=\' in D:\\x8\\htdocs\\thecup\\app/Language/countries/Chinese.ini on line 590
', 'D:\\x8\\htdocs\\thecup\\app\\Common.php', 45)
 2 APPPATH\Common.php(45): parse_ini_file('D:\\x8\\htdocs\\thecup\\app/Language/countries/Chinese.ini')
 3 APPPATH\Views\front-end\components\navbar.php(3): VLang::__e('THECUP_LOGON')
 4 APPPATH\Views\front-end\main.php(5): include('D:\\x8\\htdocs\\thecup\\app\\Views\\front-end\\components\\navbar.php')
 5 SYSTEMPATH\View\View.php(234): include('D:\\x8\\htdocs\\thecup\\app\\Views\\front-end\\main.php')
 6 SYSTEMPATH\View\View.php(237): CodeIgniter\View\View->CodeIgniter\View\{closure}()
 7 SYSTEMPATH\Common.php(1171): CodeIgniter\View\View->render('front-end/main', [], true)
 8 APPPATH\Controllers\OrderController.php(105): view('front-end/main', [...])
 9 SYSTEMPATH\CodeIgniter.php(933): App\Controllers\OrderController->claim()
10 SYSTEMPATH\CodeIgniter.php(509): CodeIgniter\CodeIgniter->runController(Object(App\Controllers\OrderController))
11 SYSTEMPATH\CodeIgniter.php(355): CodeIgniter\CodeIgniter->handleRequest(null, Object(Config\Cache), false)
12 SYSTEMPATH\Boot.php(325): CodeIgniter\CodeIgniter->run()
13 SYSTEMPATH\Boot.php(67): CodeIgniter\Boot::runCodeIgniter(Object(CodeIgniter\CodeIgniter))
14 FCPATH\index.php(56): CodeIgniter\Boot::bootWeb(Object(Config\Paths))
15 ROOTPATH\index.php(7): require_once('D:\\x8\\htdocs\\thecup\\public\\index.php')
CRITICAL - 2026-02-03 02:09:05 --> ErrorException: syntax error, unexpected '=' in D:\x8\htdocs\thecup\app/Language/countries/Chinese.ini on line 590

[Method: GET, Route: order/claim]
in APPPATH\Common.php on line 45.
 1 [internal function]: CodeIgniter\Debug\Exceptions->errorHandler(2, 'syntax error, unexpected \'=\' in D:\\x8\\htdocs\\thecup\\app/Language/countries/Chinese.ini on line 590
', 'D:\\x8\\htdocs\\thecup\\app\\Common.php', 45)
 2 APPPATH\Common.php(45): parse_ini_file('D:\\x8\\htdocs\\thecup\\app/Language/countries/Chinese.ini')
 3 APPPATH\Views\front-end\components\navbar.php(3): VLang::__e('THECUP_LOGON')
 4 APPPATH\Views\front-end\main.php(5): include('D:\\x8\\htdocs\\thecup\\app\\Views\\front-end\\components\\navbar.php')
 5 SYSTEMPATH\View\View.php(234): include('D:\\x8\\htdocs\\thecup\\app\\Views\\front-end\\main.php')
 6 SYSTEMPATH\View\View.php(237): CodeIgniter\View\View->CodeIgniter\View\{closure}()
 7 SYSTEMPATH\Common.php(1171): CodeIgniter\View\View->render('front-end/main', [], true)
 8 APPPATH\Controllers\OrderController.php(105): view('front-end/main', [...])
 9 SYSTEMPATH\CodeIgniter.php(933): App\Controllers\OrderController->claim()
10 SYSTEMPATH\CodeIgniter.php(509): CodeIgniter\CodeIgniter->runController(Object(App\Controllers\OrderController))
11 SYSTEMPATH\CodeIgniter.php(355): CodeIgniter\CodeIgniter->handleRequest(null, Object(Config\Cache), false)
12 SYSTEMPATH\Boot.php(325): CodeIgniter\CodeIgniter->run()
13 SYSTEMPATH\Boot.php(67): CodeIgniter\Boot::runCodeIgniter(Object(CodeIgniter\CodeIgniter))
14 FCPATH\index.php(56): CodeIgniter\Boot::bootWeb(Object(Config\Paths))
15 ROOTPATH\index.php(7): require_once('D:\\x8\\htdocs\\thecup\\public\\index.php')
CRITICAL - 2026-02-03 02:09:16 --> ErrorException: syntax error, unexpected '=' in D:\x8\htdocs\thecup\app/Language/countries/Chinese.ini on line 590

[Method: GET, Route: order/claim]
in APPPATH\Common.php on line 45.
 1 [internal function]: CodeIgniter\Debug\Exceptions->errorHandler(2, 'syntax error, unexpected \'=\' in D:\\x8\\htdocs\\thecup\\app/Language/countries/Chinese.ini on line 590
', 'D:\\x8\\htdocs\\thecup\\app\\Common.php', 45)
 2 APPPATH\Common.php(45): parse_ini_file('D:\\x8\\htdocs\\thecup\\app/Language/countries/Chinese.ini')
 3 APPPATH\Views\front-end\components\navbar.php(3): VLang::__e('THECUP_LOGON')
 4 APPPATH\Views\front-end\main.php(5): include('D:\\x8\\htdocs\\thecup\\app\\Views\\front-end\\components\\navbar.php')
 5 SYSTEMPATH\View\View.php(234): include('D:\\x8\\htdocs\\thecup\\app\\Views\\front-end\\main.php')
 6 SYSTEMPATH\View\View.php(237): CodeIgniter\View\View->CodeIgniter\View\{closure}()
 7 SYSTEMPATH\Common.php(1171): CodeIgniter\View\View->render('front-end/main', [], true)
 8 APPPATH\Controllers\OrderController.php(105): view('front-end/main', [...])
 9 SYSTEMPATH\CodeIgniter.php(933): App\Controllers\OrderController->claim()
10 SYSTEMPATH\CodeIgniter.php(509): CodeIgniter\CodeIgniter->runController(Object(App\Controllers\OrderController))
11 SYSTEMPATH\CodeIgniter.php(355): CodeIgniter\CodeIgniter->handleRequest(null, Object(Config\Cache), false)
12 SYSTEMPATH\Boot.php(325): CodeIgniter\CodeIgniter->run()
13 SYSTEMPATH\Boot.php(67): CodeIgniter\Boot::runCodeIgniter(Object(CodeIgniter\CodeIgniter))
14 FCPATH\index.php(56): CodeIgniter\Boot::bootWeb(Object(Config\Paths))
15 ROOTPATH\index.php(7): require_once('D:\\x8\\htdocs\\thecup\\public\\index.php')
CRITICAL - 2026-02-03 02:09:17 --> ErrorException: syntax error, unexpected '=' in D:\x8\htdocs\thecup\app/Language/countries/Chinese.ini on line 590

[Method: GET, Route: order/claim]
in APPPATH\Common.php on line 45.
 1 [internal function]: CodeIgniter\Debug\Exceptions->errorHandler(2, 'syntax error, unexpected \'=\' in D:\\x8\\htdocs\\thecup\\app/Language/countries/Chinese.ini on line 590
', 'D:\\x8\\htdocs\\thecup\\app\\Common.php', 45)
 2 APPPATH\Common.php(45): parse_ini_file('D:\\x8\\htdocs\\thecup\\app/Language/countries/Chinese.ini')
 3 APPPATH\Views\front-end\components\navbar.php(3): VLang::__e('THECUP_LOGON')
 4 APPPATH\Views\front-end\main.php(5): include('D:\\x8\\htdocs\\thecup\\app\\Views\\front-end\\components\\navbar.php')
 5 SYSTEMPATH\View\View.php(234): include('D:\\x8\\htdocs\\thecup\\app\\Views\\front-end\\main.php')
 6 SYSTEMPATH\View\View.php(237): CodeIgniter\View\View->CodeIgniter\View\{closure}()
 7 SYSTEMPATH\Common.php(1171): CodeIgniter\View\View->render('front-end/main', [], true)
 8 APPPATH\Controllers\OrderController.php(105): view('front-end/main', [...])
 9 SYSTEMPATH\CodeIgniter.php(933): App\Controllers\OrderController->claim()
10 SYSTEMPATH\CodeIgniter.php(509): CodeIgniter\CodeIgniter->runController(Object(App\Controllers\OrderController))
11 SYSTEMPATH\CodeIgniter.php(355): CodeIgniter\CodeIgniter->handleRequest(null, Object(Config\Cache), false)
12 SYSTEMPATH\Boot.php(325): CodeIgniter\CodeIgniter->run()
13 SYSTEMPATH\Boot.php(67): CodeIgniter\Boot::runCodeIgniter(Object(CodeIgniter\CodeIgniter))
14 FCPATH\index.php(56): CodeIgniter\Boot::bootWeb(Object(Config\Paths))
15 ROOTPATH\index.php(7): require_once('D:\\x8\\htdocs\\thecup\\public\\index.php')
CRITICAL - 2026-02-03 02:09:29 --> ErrorException: syntax error, unexpected '(' in D:\x8\htdocs\thecup\app/Language/countries/Chinese.ini on line 534

[Method: GET, Route: order/claim]
in APPPATH\Common.php on line 45.
 1 [internal function]: CodeIgniter\Debug\Exceptions->errorHandler(2, 'syntax error, unexpected \'(\' in D:\\x8\\htdocs\\thecup\\app/Language/countries/Chinese.ini on line 534
', 'D:\\x8\\htdocs\\thecup\\app\\Common.php', 45)
 2 APPPATH\Common.php(45): parse_ini_file('D:\\x8\\htdocs\\thecup\\app/Language/countries/Chinese.ini')
 3 APPPATH\Views\front-end\components\navbar.php(3): VLang::__e('THECUP_LOGON')
 4 APPPATH\Views\front-end\main.php(5): include('D:\\x8\\htdocs\\thecup\\app\\Views\\front-end\\components\\navbar.php')
 5 SYSTEMPATH\View\View.php(234): include('D:\\x8\\htdocs\\thecup\\app\\Views\\front-end\\main.php')
 6 SYSTEMPATH\View\View.php(237): CodeIgniter\View\View->CodeIgniter\View\{closure}()
 7 SYSTEMPATH\Common.php(1171): CodeIgniter\View\View->render('front-end/main', [], true)
 8 APPPATH\Controllers\OrderController.php(105): view('front-end/main', [...])
 9 SYSTEMPATH\CodeIgniter.php(933): App\Controllers\OrderController->claim()
10 SYSTEMPATH\CodeIgniter.php(509): CodeIgniter\CodeIgniter->runController(Object(App\Controllers\OrderController))
11 SYSTEMPATH\CodeIgniter.php(355): CodeIgniter\CodeIgniter->handleRequest(null, Object(Config\Cache), false)
12 SYSTEMPATH\Boot.php(325): CodeIgniter\CodeIgniter->run()
13 SYSTEMPATH\Boot.php(67): CodeIgniter\Boot::runCodeIgniter(Object(CodeIgniter\CodeIgniter))
14 FCPATH\index.php(56): CodeIgniter\Boot::bootWeb(Object(Config\Paths))
15 ROOTPATH\index.php(7): require_once('D:\\x8\\htdocs\\thecup\\public\\index.php')
CRITICAL - 2026-02-03 02:10:38 --> ErrorException: syntax error, unexpected '(' in D:\x8\htdocs\thecup\app/Language/countries/Chinese.ini on line 504

[Method: GET, Route: order/claim]
in APPPATH\Common.php on line 45.
 1 [internal function]: CodeIgniter\Debug\Exceptions->errorHandler(2, 'syntax error, unexpected \'(\' in D:\\x8\\htdocs\\thecup\\app/Language/countries/Chinese.ini on line 504
', 'D:\\x8\\htdocs\\thecup\\app\\Common.php', 45)
 2 APPPATH\Common.php(45): parse_ini_file('D:\\x8\\htdocs\\thecup\\app/Language/countries/Chinese.ini')
 3 APPPATH\Views\front-end\components\navbar.php(3): VLang::__e('THECUP_LOGON')
 4 APPPATH\Views\front-end\main.php(5): include('D:\\x8\\htdocs\\thecup\\app\\Views\\front-end\\components\\navbar.php')
 5 SYSTEMPATH\View\View.php(234): include('D:\\x8\\htdocs\\thecup\\app\\Views\\front-end\\main.php')
 6 SYSTEMPATH\View\View.php(237): CodeIgniter\View\View->CodeIgniter\View\{closure}()
 7 SYSTEMPATH\Common.php(1171): CodeIgniter\View\View->render('front-end/main', [], true)
 8 APPPATH\Controllers\OrderController.php(105): view('front-end/main', [...])
 9 SYSTEMPATH\CodeIgniter.php(933): App\Controllers\OrderController->claim()
10 SYSTEMPATH\CodeIgniter.php(509): CodeIgniter\CodeIgniter->runController(Object(App\Controllers\OrderController))
11 SYSTEMPATH\CodeIgniter.php(355): CodeIgniter\CodeIgniter->handleRequest(null, Object(Config\Cache), false)
12 SYSTEMPATH\Boot.php(325): CodeIgniter\CodeIgniter->run()
13 SYSTEMPATH\Boot.php(67): CodeIgniter\Boot::runCodeIgniter(Object(CodeIgniter\CodeIgniter))
14 FCPATH\index.php(56): CodeIgniter\Boot::bootWeb(Object(Config\Paths))
15 ROOTPATH\index.php(7): require_once('D:\\x8\\htdocs\\thecup\\public\\index.php')
CRITICAL - 2026-02-03 02:10:56 --> ErrorException: syntax error, unexpected '=' in D:\x8\htdocs\thecup\app/Language/countries/Chinese.ini on line 590

[Method: GET, Route: order/claim]
in APPPATH\Common.php on line 45.
 1 [internal function]: CodeIgniter\Debug\Exceptions->errorHandler(2, 'syntax error, unexpected \'=\' in D:\\x8\\htdocs\\thecup\\app/Language/countries/Chinese.ini on line 590
', 'D:\\x8\\htdocs\\thecup\\app\\Common.php', 45)
 2 APPPATH\Common.php(45): parse_ini_file('D:\\x8\\htdocs\\thecup\\app/Language/countries/Chinese.ini')
 3 APPPATH\Views\front-end\components\navbar.php(3): VLang::__e('THECUP_LOGON')
 4 APPPATH\Views\front-end\main.php(5): include('D:\\x8\\htdocs\\thecup\\app\\Views\\front-end\\components\\navbar.php')
 5 SYSTEMPATH\View\View.php(234): include('D:\\x8\\htdocs\\thecup\\app\\Views\\front-end\\main.php')
 6 SYSTEMPATH\View\View.php(237): CodeIgniter\View\View->CodeIgniter\View\{closure}()
 7 SYSTEMPATH\Common.php(1171): CodeIgniter\View\View->render('front-end/main', [], true)
 8 APPPATH\Controllers\OrderController.php(105): view('front-end/main', [...])
 9 SYSTEMPATH\CodeIgniter.php(933): App\Controllers\OrderController->claim()
10 SYSTEMPATH\CodeIgniter.php(509): CodeIgniter\CodeIgniter->runController(Object(App\Controllers\OrderController))
11 SYSTEMPATH\CodeIgniter.php(355): CodeIgniter\CodeIgniter->handleRequest(null, Object(Config\Cache), false)
12 SYSTEMPATH\Boot.php(325): CodeIgniter\CodeIgniter->run()
13 SYSTEMPATH\Boot.php(67): CodeIgniter\Boot::runCodeIgniter(Object(CodeIgniter\CodeIgniter))
14 FCPATH\index.php(56): CodeIgniter\Boot::bootWeb(Object(Config\Paths))
15 ROOTPATH\index.php(7): require_once('D:\\x8\\htdocs\\thecup\\public\\index.php')
CRITICAL - 2026-02-03 02:10:57 --> ErrorException: syntax error, unexpected '=' in D:\x8\htdocs\thecup\app/Language/countries/Chinese.ini on line 590

[Method: GET, Route: order/claim]
in APPPATH\Common.php on line 45.
 1 [internal function]: CodeIgniter\Debug\Exceptions->errorHandler(2, 'syntax error, unexpected \'=\' in D:\\x8\\htdocs\\thecup\\app/Language/countries/Chinese.ini on line 590
', 'D:\\x8\\htdocs\\thecup\\app\\Common.php', 45)
 2 APPPATH\Common.php(45): parse_ini_file('D:\\x8\\htdocs\\thecup\\app/Language/countries/Chinese.ini')
 3 APPPATH\Views\front-end\components\navbar.php(3): VLang::__e('THECUP_LOGON')
 4 APPPATH\Views\front-end\main.php(5): include('D:\\x8\\htdocs\\thecup\\app\\Views\\front-end\\components\\navbar.php')
 5 SYSTEMPATH\View\View.php(234): include('D:\\x8\\htdocs\\thecup\\app\\Views\\front-end\\main.php')
 6 SYSTEMPATH\View\View.php(237): CodeIgniter\View\View->CodeIgniter\View\{closure}()
 7 SYSTEMPATH\Common.php(1171): CodeIgniter\View\View->render('front-end/main', [], true)
 8 APPPATH\Controllers\OrderController.php(105): view('front-end/main', [...])
 9 SYSTEMPATH\CodeIgniter.php(933): App\Controllers\OrderController->claim()
10 SYSTEMPATH\CodeIgniter.php(509): CodeIgniter\CodeIgniter->runController(Object(App\Controllers\OrderController))
11 SYSTEMPATH\CodeIgniter.php(355): CodeIgniter\CodeIgniter->handleRequest(null, Object(Config\Cache), false)
12 SYSTEMPATH\Boot.php(325): CodeIgniter\CodeIgniter->run()
13 SYSTEMPATH\Boot.php(67): CodeIgniter\Boot::runCodeIgniter(Object(CodeIgniter\CodeIgniter))
14 FCPATH\index.php(56): CodeIgniter\Boot::bootWeb(Object(Config\Paths))
15 ROOTPATH\index.php(7): require_once('D:\\x8\\htdocs\\thecup\\public\\index.php')
CRITICAL - 2026-02-03 02:11:07 --> ErrorException: syntax error, unexpected '=' in D:\x8\htdocs\thecup\app/Language/countries/Chinese.ini on line 590

[Method: GET, Route: order/claim]
in APPPATH\Common.php on line 45.
 1 [internal function]: CodeIgniter\Debug\Exceptions->errorHandler(2, 'syntax error, unexpected \'=\' in D:\\x8\\htdocs\\thecup\\app/Language/countries/Chinese.ini on line 590
', 'D:\\x8\\htdocs\\thecup\\app\\Common.php', 45)
 2 APPPATH\Common.php(45): parse_ini_file('D:\\x8\\htdocs\\thecup\\app/Language/countries/Chinese.ini')
 3 APPPATH\Views\front-end\components\navbar.php(3): VLang::__e('THECUP_LOGON')
 4 APPPATH\Views\front-end\main.php(5): include('D:\\x8\\htdocs\\thecup\\app\\Views\\front-end\\components\\navbar.php')
 5 SYSTEMPATH\View\View.php(234): include('D:\\x8\\htdocs\\thecup\\app\\Views\\front-end\\main.php')
 6 SYSTEMPATH\View\View.php(237): CodeIgniter\View\View->CodeIgniter\View\{closure}()
 7 SYSTEMPATH\Common.php(1171): CodeIgniter\View\View->render('front-end/main', [], true)
 8 APPPATH\Controllers\OrderController.php(105): view('front-end/main', [...])
 9 SYSTEMPATH\CodeIgniter.php(933): App\Controllers\OrderController->claim()
10 SYSTEMPATH\CodeIgniter.php(509): CodeIgniter\CodeIgniter->runController(Object(App\Controllers\OrderController))
11 SYSTEMPATH\CodeIgniter.php(355): CodeIgniter\CodeIgniter->handleRequest(null, Object(Config\Cache), false)
12 SYSTEMPATH\Boot.php(325): CodeIgniter\CodeIgniter->run()
13 SYSTEMPATH\Boot.php(67): CodeIgniter\Boot::runCodeIgniter(Object(CodeIgniter\CodeIgniter))
14 FCPATH\index.php(56): CodeIgniter\Boot::bootWeb(Object(Config\Paths))
15 ROOTPATH\index.php(7): require_once('D:\\x8\\htdocs\\thecup\\public\\index.php')
CRITICAL - 2026-02-03 02:11:15 --> ErrorException: syntax error, unexpected '(' in D:\x8\htdocs\thecup\app/Language/countries/Chinese.ini on line 515

[Method: GET, Route: order/claim]
in APPPATH\Common.php on line 45.
 1 [internal function]: CodeIgniter\Debug\Exceptions->errorHandler(2, 'syntax error, unexpected \'(\' in D:\\x8\\htdocs\\thecup\\app/Language/countries/Chinese.ini on line 515
', 'D:\\x8\\htdocs\\thecup\\app\\Common.php', 45)
 2 APPPATH\Common.php(45): parse_ini_file('D:\\x8\\htdocs\\thecup\\app/Language/countries/Chinese.ini')
 3 APPPATH\Views\front-end\components\navbar.php(3): VLang::__e('THECUP_LOGON')
 4 APPPATH\Views\front-end\main.php(5): include('D:\\x8\\htdocs\\thecup\\app\\Views\\front-end\\components\\navbar.php')
 5 SYSTEMPATH\View\View.php(234): include('D:\\x8\\htdocs\\thecup\\app\\Views\\front-end\\main.php')
 6 SYSTEMPATH\View\View.php(237): CodeIgniter\View\View->CodeIgniter\View\{closure}()
 7 SYSTEMPATH\Common.php(1171): CodeIgniter\View\View->render('front-end/main', [], true)
 8 APPPATH\Controllers\OrderController.php(105): view('front-end/main', [...])
 9 SYSTEMPATH\CodeIgniter.php(933): App\Controllers\OrderController->claim()
10 SYSTEMPATH\CodeIgniter.php(509): CodeIgniter\CodeIgniter->runController(Object(App\Controllers\OrderController))
11 SYSTEMPATH\CodeIgniter.php(355): CodeIgniter\CodeIgniter->handleRequest(null, Object(Config\Cache), false)
12 SYSTEMPATH\Boot.php(325): CodeIgniter\CodeIgniter->run()
13 SYSTEMPATH\Boot.php(67): CodeIgniter\Boot::runCodeIgniter(Object(CodeIgniter\CodeIgniter))
14 FCPATH\index.php(56): CodeIgniter\Boot::bootWeb(Object(Config\Paths))
15 ROOTPATH\index.php(7): require_once('D:\\x8\\htdocs\\thecup\\public\\index.php')
CRITICAL - 2026-02-03 02:11:27 --> ErrorException: syntax error, unexpected '=' in D:\x8\htdocs\thecup\app/Language/countries/Chinese.ini on line 573

[Method: GET, Route: order/claim]
in APPPATH\Common.php on line 45.
 1 [internal function]: CodeIgniter\Debug\Exceptions->errorHandler(2, 'syntax error, unexpected \'=\' in D:\\x8\\htdocs\\thecup\\app/Language/countries/Chinese.ini on line 573
', 'D:\\x8\\htdocs\\thecup\\app\\Common.php', 45)
 2 APPPATH\Common.php(45): parse_ini_file('D:\\x8\\htdocs\\thecup\\app/Language/countries/Chinese.ini')
 3 APPPATH\Views\front-end\components\navbar.php(3): VLang::__e('THECUP_LOGON')
 4 APPPATH\Views\front-end\main.php(5): include('D:\\x8\\htdocs\\thecup\\app\\Views\\front-end\\components\\navbar.php')
 5 SYSTEMPATH\View\View.php(234): include('D:\\x8\\htdocs\\thecup\\app\\Views\\front-end\\main.php')
 6 SYSTEMPATH\View\View.php(237): CodeIgniter\View\View->CodeIgniter\View\{closure}()
 7 SYSTEMPATH\Common.php(1171): CodeIgniter\View\View->render('front-end/main', [], true)
 8 APPPATH\Controllers\OrderController.php(105): view('front-end/main', [...])
 9 SYSTEMPATH\CodeIgniter.php(933): App\Controllers\OrderController->claim()
10 SYSTEMPATH\CodeIgniter.php(509): CodeIgniter\CodeIgniter->runController(Object(App\Controllers\OrderController))
11 SYSTEMPATH\CodeIgniter.php(355): CodeIgniter\CodeIgniter->handleRequest(null, Object(Config\Cache), false)
12 SYSTEMPATH\Boot.php(325): CodeIgniter\CodeIgniter->run()
13 SYSTEMPATH\Boot.php(67): CodeIgniter\Boot::runCodeIgniter(Object(CodeIgniter\CodeIgniter))
14 FCPATH\index.php(56): CodeIgniter\Boot::bootWeb(Object(Config\Paths))
15 ROOTPATH\index.php(7): require_once('D:\\x8\\htdocs\\thecup\\public\\index.php')
CRITICAL - 2026-02-03 02:11:33 --> ErrorException: syntax error, unexpected '=' in D:\x8\htdocs\thecup\app/Language/countries/Chinese.ini on line 560

[Method: GET, Route: order/claim]
in APPPATH\Common.php on line 45.
 1 [internal function]: CodeIgniter\Debug\Exceptions->errorHandler(2, 'syntax error, unexpected \'=\' in D:\\x8\\htdocs\\thecup\\app/Language/countries/Chinese.ini on line 560
', 'D:\\x8\\htdocs\\thecup\\app\\Common.php', 45)
 2 APPPATH\Common.php(45): parse_ini_file('D:\\x8\\htdocs\\thecup\\app/Language/countries/Chinese.ini')
 3 APPPATH\Views\front-end\components\navbar.php(3): VLang::__e('THECUP_LOGON')
 4 APPPATH\Views\front-end\main.php(5): include('D:\\x8\\htdocs\\thecup\\app\\Views\\front-end\\components\\navbar.php')
 5 SYSTEMPATH\View\View.php(234): include('D:\\x8\\htdocs\\thecup\\app\\Views\\front-end\\main.php')
 6 SYSTEMPATH\View\View.php(237): CodeIgniter\View\View->CodeIgniter\View\{closure}()
 7 SYSTEMPATH\Common.php(1171): CodeIgniter\View\View->render('front-end/main', [], true)
 8 APPPATH\Controllers\OrderController.php(105): view('front-end/main', [...])
 9 SYSTEMPATH\CodeIgniter.php(933): App\Controllers\OrderController->claim()
10 SYSTEMPATH\CodeIgniter.php(509): CodeIgniter\CodeIgniter->runController(Object(App\Controllers\OrderController))
11 SYSTEMPATH\CodeIgniter.php(355): CodeIgniter\CodeIgniter->handleRequest(null, Object(Config\Cache), false)
12 SYSTEMPATH\Boot.php(325): CodeIgniter\CodeIgniter->run()
13 SYSTEMPATH\Boot.php(67): CodeIgniter\Boot::runCodeIgniter(Object(CodeIgniter\CodeIgniter))
14 FCPATH\index.php(56): CodeIgniter\Boot::bootWeb(Object(Config\Paths))
15 ROOTPATH\index.php(7): require_once('D:\\x8\\htdocs\\thecup\\public\\index.php')
CRITICAL - 2026-02-03 02:11:54 --> ErrorException: syntax error, unexpected '=' in D:\x8\htdocs\thecup\app/Language/countries/Chinese.ini on line 577

[Method: GET, Route: order/claim]
in APPPATH\Common.php on line 45.
 1 [internal function]: CodeIgniter\Debug\Exceptions->errorHandler(2, 'syntax error, unexpected \'=\' in D:\\x8\\htdocs\\thecup\\app/Language/countries/Chinese.ini on line 577
', 'D:\\x8\\htdocs\\thecup\\app\\Common.php', 45)
 2 APPPATH\Common.php(45): parse_ini_file('D:\\x8\\htdocs\\thecup\\app/Language/countries/Chinese.ini')
 3 APPPATH\Views\front-end\components\navbar.php(3): VLang::__e('THECUP_LOGON')
 4 APPPATH\Views\front-end\main.php(5): include('D:\\x8\\htdocs\\thecup\\app\\Views\\front-end\\components\\navbar.php')
 5 SYSTEMPATH\View\View.php(234): include('D:\\x8\\htdocs\\thecup\\app\\Views\\front-end\\main.php')
 6 SYSTEMPATH\View\View.php(237): CodeIgniter\View\View->CodeIgniter\View\{closure}()
 7 SYSTEMPATH\Common.php(1171): CodeIgniter\View\View->render('front-end/main', [], true)
 8 APPPATH\Controllers\OrderController.php(105): view('front-end/main', [...])
 9 SYSTEMPATH\CodeIgniter.php(933): App\Controllers\OrderController->claim()
10 SYSTEMPATH\CodeIgniter.php(509): CodeIgniter\CodeIgniter->runController(Object(App\Controllers\OrderController))
11 SYSTEMPATH\CodeIgniter.php(355): CodeIgniter\CodeIgniter->handleRequest(null, Object(Config\Cache), false)
12 SYSTEMPATH\Boot.php(325): CodeIgniter\CodeIgniter->run()
13 SYSTEMPATH\Boot.php(67): CodeIgniter\Boot::runCodeIgniter(Object(CodeIgniter\CodeIgniter))
14 FCPATH\index.php(56): CodeIgniter\Boot::bootWeb(Object(Config\Paths))
15 ROOTPATH\index.php(7): require_once('D:\\x8\\htdocs\\thecup\\public\\index.php')
CRITICAL - 2026-02-03 02:12:43 --> ErrorException: syntax error, unexpected '=' in D:\x8\htdocs\thecup\app/Language/countries/Chinese.ini on line 590

[Method: GET, Route: order/claim]
in APPPATH\Common.php on line 45.
 1 [internal function]: CodeIgniter\Debug\Exceptions->errorHandler(2, 'syntax error, unexpected \'=\' in D:\\x8\\htdocs\\thecup\\app/Language/countries/Chinese.ini on line 590
', 'D:\\x8\\htdocs\\thecup\\app\\Common.php', 45)
 2 APPPATH\Common.php(45): parse_ini_file('D:\\x8\\htdocs\\thecup\\app/Language/countries/Chinese.ini')
 3 APPPATH\Views\front-end\components\navbar.php(3): VLang::__e('THECUP_LOGON')
 4 APPPATH\Views\front-end\main.php(5): include('D:\\x8\\htdocs\\thecup\\app\\Views\\front-end\\components\\navbar.php')
 5 SYSTEMPATH\View\View.php(234): include('D:\\x8\\htdocs\\thecup\\app\\Views\\front-end\\main.php')
 6 SYSTEMPATH\View\View.php(237): CodeIgniter\View\View->CodeIgniter\View\{closure}()
 7 SYSTEMPATH\Common.php(1171): CodeIgniter\View\View->render('front-end/main', [], true)
 8 APPPATH\Controllers\OrderController.php(105): view('front-end/main', [...])
 9 SYSTEMPATH\CodeIgniter.php(933): App\Controllers\OrderController->claim()
10 SYSTEMPATH\CodeIgniter.php(509): CodeIgniter\CodeIgniter->runController(Object(App\Controllers\OrderController))
11 SYSTEMPATH\CodeIgniter.php(355): CodeIgniter\CodeIgniter->handleRequest(null, Object(Config\Cache), false)
12 SYSTEMPATH\Boot.php(325): CodeIgniter\CodeIgniter->run()
13 SYSTEMPATH\Boot.php(67): CodeIgniter\Boot::runCodeIgniter(Object(CodeIgniter\CodeIgniter))
14 FCPATH\index.php(56): CodeIgniter\Boot::bootWeb(Object(Config\Paths))
15 ROOTPATH\index.php(7): require_once('D:\\x8\\htdocs\\thecup\\public\\index.php')
