CRITICAL - 2026-01-14 03:47:48 --> ErrorException: Undefined array key "switch"
[Method: GET, Route: /]
in APPPATH\Models\UserModel.php on line 255.
 1 APPPATH\Models\UserModel.php(255): CodeIgniter\Debug\Exceptions->errorHandler(2, 'Undefined array key "switch"', 'D:\\x7\\htdocs\\thecup\\app\\Models\\UserModel.php', 255)
 2 APPPATH\Views\front-end\components\navbar.php(66): App\Models\UserModel->isVendor()
 3 APPPATH\Views\front-end\main.php(5): include('D:\\x7\\htdocs\\thecup\\app\\Views\\front-end\\components\\navbar.php')
 4 SYSTEMPATH\View\View.php(234): include('D:\\x7\\htdocs\\thecup\\app\\Views\\front-end\\main.php')
 5 SYSTEMPATH\View\View.php(237): CodeIgniter\View\View->CodeIgniter\View\{closure}()
 6 SYSTEMPATH\Common.php(1171): CodeIgniter\View\View->render('front-end/main', [], true)
 7 APPPATH\Controllers\Home.php(21): view('front-end/main', [...])
 8 SYSTEMPATH\CodeIgniter.php(933): App\Controllers\Home->index()
 9 SYSTEMPATH\CodeIgniter.php(509): CodeIgniter\CodeIgniter->runController(Object(App\Controllers\Home))
10 SYSTEMPATH\CodeIgniter.php(355): CodeIgniter\CodeIgniter->handleRequest(null, Object(Config\Cache), false)
11 SYSTEMPATH\Boot.php(325): CodeIgniter\CodeIgniter->run()
12 SYSTEMPATH\Boot.php(67): CodeIgniter\Boot::runCodeIgniter(Object(CodeIgniter\CodeIgniter))
13 FCPATH\index.php(56): CodeIgniter\Boot::bootWeb(Object(Config\Paths))
14 ROOTPATH\index.php(7): require_once('D:\\x7\\htdocs\\thecup\\public\\index.php')
CRITICAL - 2026-01-14 03:49:30 --> ErrorException: Undefined array key "switch"
[Method: GET, Route: /]
in APPPATH\Models\UserModel.php on line 256.
 1 APPPATH\Models\UserModel.php(256): CodeIgniter\Debug\Exceptions->errorHandler(2, 'Undefined array key "switch"', 'D:\\x7\\htdocs\\thecup\\app\\Models\\UserModel.php', 256)
 2 APPPATH\Views\front-end\components\navbar.php(66): App\Models\UserModel->isVendor()
 3 APPPATH\Views\front-end\main.php(5): include('D:\\x7\\htdocs\\thecup\\app\\Views\\front-end\\components\\navbar.php')
 4 SYSTEMPATH\View\View.php(234): include('D:\\x7\\htdocs\\thecup\\app\\Views\\front-end\\main.php')
 5 SYSTEMPATH\View\View.php(237): CodeIgniter\View\View->CodeIgniter\View\{closure}()
 6 SYSTEMPATH\Common.php(1171): CodeIgniter\View\View->render('front-end/main', [], true)
 7 APPPATH\Controllers\Home.php(21): view('front-end/main', [...])
 8 SYSTEMPATH\CodeIgniter.php(933): App\Controllers\Home->index()
 9 SYSTEMPATH\CodeIgniter.php(509): CodeIgniter\CodeIgniter->runController(Object(App\Controllers\Home))
10 SYSTEMPATH\CodeIgniter.php(355): CodeIgniter\CodeIgniter->handleRequest(null, Object(Config\Cache), false)
11 SYSTEMPATH\Boot.php(325): CodeIgniter\CodeIgniter->run()
12 SYSTEMPATH\Boot.php(67): CodeIgniter\Boot::runCodeIgniter(Object(CodeIgniter\CodeIgniter))
13 FCPATH\index.php(56): CodeIgniter\Boot::bootWeb(Object(Config\Paths))
14 ROOTPATH\index.php(7): require_once('D:\\x7\\htdocs\\thecup\\public\\index.php')
CRITICAL - 2026-01-14 04:14:35 --> ErrorException: Undefined array key "firstname"
[Method: GET, Route: admin/promotions]
in APPPATH\Views\back-end\promotion\index.php on line 41.
 1 APPPATH\Views\back-end\promotion\index.php(41): CodeIgniter\Debug\Exceptions->errorHandler(2, 'Undefined array key "firstname"', 'D:\\x7\\htdocs\\thecup\\app\\Views\\back-end\\promotion\\index.php', 41)
 2 APPPATH\Views\back-end\main.php(17): include('D:\\x7\\htdocs\\thecup\\app\\Views\\back-end\\promotion\\index.php')
 3 SYSTEMPATH\View\View.php(234): include('D:\\x7\\htdocs\\thecup\\app\\Views\\back-end\\main.php')
 4 SYSTEMPATH\View\View.php(237): CodeIgniter\View\View->CodeIgniter\View\{closure}()
 5 SYSTEMPATH\Common.php(1171): CodeIgniter\View\View->render('back-end/main', [], true)
 6 APPPATH\Controllers\AdminPromotionController.php(54): view('back-end/main', [...])
 7 SYSTEMPATH\CodeIgniter.php(933): App\Controllers\AdminPromotionController->index()
 8 SYSTEMPATH\CodeIgniter.php(509): CodeIgniter\CodeIgniter->runController(Object(App\Controllers\AdminPromotionController))
 9 SYSTEMPATH\CodeIgniter.php(355): CodeIgniter\CodeIgniter->handleRequest(null, Object(Config\Cache), false)
10 SYSTEMPATH\Boot.php(325): CodeIgniter\CodeIgniter->run()
11 SYSTEMPATH\Boot.php(67): CodeIgniter\Boot::runCodeIgniter(Object(CodeIgniter\CodeIgniter))
12 FCPATH\index.php(56): CodeIgniter\Boot::bootWeb(Object(Config\Paths))
13 ROOTPATH\index.php(7): require_once('D:\\x7\\htdocs\\thecup\\public\\index.php')
ERROR - 2026-01-14 04:52:26 --> mysqli_sql_exception: Table 'thecup.app_promotion_leys' doesn't exist in D:\x7\htdocs\thecup\system\Database\MySQLi\Connection.php:312
Stack trace:
#0 D:\x7\htdocs\thecup\system\Database\MySQLi\Connection.php(312): mysqli->query('SELECT COUNT(*)...', 0)
#1 D:\x7\htdocs\thecup\system\Database\BaseConnection.php(734): CodeIgniter\Database\MySQLi\Connection->execute('SELECT COUNT(*)...')
#2 D:\x7\htdocs\thecup\system\Database\BaseConnection.php(648): CodeIgniter\Database\BaseConnection->simpleQuery('SELECT COUNT(*)...')
#3 D:\x7\htdocs\thecup\system\Database\BaseBuilder.php(1728): CodeIgniter\Database\BaseConnection->query('SELECT COUNT(*)...', Array, false)
#4 D:\x7\htdocs\thecup\system\Model.php(678): CodeIgniter\Database\BaseBuilder->countAllResults(false)
#5 D:\x7\htdocs\thecup\system\BaseModel.php(1284): CodeIgniter\Model->countAllResults(false)
#6 D:\x7\htdocs\thecup\app\Controllers\AdminPromotionkeyController.php(37): CodeIgniter\BaseModel->paginate(15)
#7 D:\x7\htdocs\thecup\system\CodeIgniter.php(933): App\Controllers\AdminPromotionkeyController->index()
#8 D:\x7\htdocs\thecup\system\CodeIgniter.php(509): CodeIgniter\CodeIgniter->runController(Object(App\Controllers\AdminPromotionkeyController))
#9 D:\x7\htdocs\thecup\system\CodeIgniter.php(355): CodeIgniter\CodeIgniter->handleRequest(NULL, Object(Config\Cache), false)
#10 D:\x7\htdocs\thecup\system\Boot.php(325): CodeIgniter\CodeIgniter->run()
#11 D:\x7\htdocs\thecup\system\Boot.php(67): CodeIgniter\Boot::runCodeIgniter(Object(CodeIgniter\CodeIgniter))
#12 D:\x7\htdocs\thecup\public\index.php(56): CodeIgniter\Boot::bootWeb(Object(Config\Paths))
#13 D:\x7\htdocs\thecup\index.php(7): require_once('D:\\x7\\htdocs\\th...')
#14 {main}
CRITICAL - 2026-01-14 04:52:26 --> CodeIgniter\Database\Exceptions\DatabaseException: Table 'thecup.app_promotion_leys' doesn't exist
[Method: GET, Route: admin/promotionkeys]
in SYSTEMPATH\Database\BaseConnection.php on line 688.
 1 SYSTEMPATH\Database\BaseBuilder.php(1728): CodeIgniter\Database\BaseConnection->query('SELECT COUNT(*) AS `numrows`
FROM `app_promotion_leys`', [], false)
 2 SYSTEMPATH\Model.php(678): CodeIgniter\Database\BaseBuilder->countAllResults(false)
 3 SYSTEMPATH\BaseModel.php(1284): CodeIgniter\Model->countAllResults(false)
 4 APPPATH\Controllers\AdminPromotionkeyController.php(37): CodeIgniter\BaseModel->paginate(15)
 5 SYSTEMPATH\CodeIgniter.php(933): App\Controllers\AdminPromotionkeyController->index()
 6 SYSTEMPATH\CodeIgniter.php(509): CodeIgniter\CodeIgniter->runController(Object(App\Controllers\AdminPromotionkeyController))
 7 SYSTEMPATH\CodeIgniter.php(355): CodeIgniter\CodeIgniter->handleRequest(null, Object(Config\Cache), false)
 8 SYSTEMPATH\Boot.php(325): CodeIgniter\CodeIgniter->run()
 9 SYSTEMPATH\Boot.php(67): CodeIgniter\Boot::runCodeIgniter(Object(CodeIgniter\CodeIgniter))
10 FCPATH\index.php(56): CodeIgniter\Boot::bootWeb(Object(Config\Paths))
11 ROOTPATH\index.php(7): require_once('D:\\x7\\htdocs\\thecup\\public\\index.php')
CRITICAL - 2026-01-14 04:52:26 --> [Caused by] CodeIgniter\Database\Exceptions\DatabaseException: Table 'thecup.app_promotion_leys' doesn't exist
in SYSTEMPATH\Database\MySQLi\Connection.php on line 317.
 1 SYSTEMPATH\Database\BaseConnection.php(734): CodeIgniter\Database\MySQLi\Connection->execute('SELECT COUNT(*) AS `numrows`
FROM `app_promotion_leys`')
 2 SYSTEMPATH\Database\BaseConnection.php(648): CodeIgniter\Database\BaseConnection->simpleQuery('SELECT COUNT(*) AS `numrows`
FROM `app_promotion_leys`')
 3 SYSTEMPATH\Database\BaseBuilder.php(1728): CodeIgniter\Database\BaseConnection->query('SELECT COUNT(*) AS `numrows`
FROM `app_promotion_leys`', [], false)
 4 SYSTEMPATH\Model.php(678): CodeIgniter\Database\BaseBuilder->countAllResults(false)
 5 SYSTEMPATH\BaseModel.php(1284): CodeIgniter\Model->countAllResults(false)
 6 APPPATH\Controllers\AdminPromotionkeyController.php(37): CodeIgniter\BaseModel->paginate(15)
 7 SYSTEMPATH\CodeIgniter.php(933): App\Controllers\AdminPromotionkeyController->index()
 8 SYSTEMPATH\CodeIgniter.php(509): CodeIgniter\CodeIgniter->runController(Object(App\Controllers\AdminPromotionkeyController))
 9 SYSTEMPATH\CodeIgniter.php(355): CodeIgniter\CodeIgniter->handleRequest(null, Object(Config\Cache), false)
10 SYSTEMPATH\Boot.php(325): CodeIgniter\CodeIgniter->run()
11 SYSTEMPATH\Boot.php(67): CodeIgniter\Boot::runCodeIgniter(Object(CodeIgniter\CodeIgniter))
12 FCPATH\index.php(56): CodeIgniter\Boot::bootWeb(Object(Config\Paths))
13 ROOTPATH\index.php(7): require_once('D:\\x7\\htdocs\\thecup\\public\\index.php')
CRITICAL - 2026-01-14 04:52:26 --> [Caused by] mysqli_sql_exception: Table 'thecup.app_promotion_leys' doesn't exist
in SYSTEMPATH\Database\MySQLi\Connection.php on line 312.
 1 SYSTEMPATH\Database\MySQLi\Connection.php(312): mysqli->query('SELECT COUNT(*) AS `numrows`
FROM `app_promotion_leys`', 0)
 2 SYSTEMPATH\Database\BaseConnection.php(734): CodeIgniter\Database\MySQLi\Connection->execute('SELECT COUNT(*) AS `numrows`
FROM `app_promotion_leys`')
 3 SYSTEMPATH\Database\BaseConnection.php(648): CodeIgniter\Database\BaseConnection->simpleQuery('SELECT COUNT(*) AS `numrows`
FROM `app_promotion_leys`')
 4 SYSTEMPATH\Database\BaseBuilder.php(1728): CodeIgniter\Database\BaseConnection->query('SELECT COUNT(*) AS `numrows`
FROM `app_promotion_leys`', [], false)
 5 SYSTEMPATH\Model.php(678): CodeIgniter\Database\BaseBuilder->countAllResults(false)
 6 SYSTEMPATH\BaseModel.php(1284): CodeIgniter\Model->countAllResults(false)
 7 APPPATH\Controllers\AdminPromotionkeyController.php(37): CodeIgniter\BaseModel->paginate(15)
 8 SYSTEMPATH\CodeIgniter.php(933): App\Controllers\AdminPromotionkeyController->index()
 9 SYSTEMPATH\CodeIgniter.php(509): CodeIgniter\CodeIgniter->runController(Object(App\Controllers\AdminPromotionkeyController))
10 SYSTEMPATH\CodeIgniter.php(355): CodeIgniter\CodeIgniter->handleRequest(null, Object(Config\Cache), false)
11 SYSTEMPATH\Boot.php(325): CodeIgniter\CodeIgniter->run()
12 SYSTEMPATH\Boot.php(67): CodeIgniter\Boot::runCodeIgniter(Object(CodeIgniter\CodeIgniter))
13 FCPATH\index.php(56): CodeIgniter\Boot::bootWeb(Object(Config\Paths))
14 ROOTPATH\index.php(7): require_once('D:\\x7\\htdocs\\thecup\\public\\index.php')
CRITICAL - 2026-01-14 05:08:20 --> ParseError: syntax error, unexpected token ".", expecting ")"
[Method: GET, Route: user/signup]
in APPPATH\Controllers\UserController.php on line 340.
 1 SYSTEMPATH\Autoloader\Autoloader.php(296): CodeIgniter\Autoloader\Autoloader->includeFile('D:\\x7\\htdocs\\thecup\\app\\Controllers\\UserController.php')
 2 SYSTEMPATH\Autoloader\Autoloader.php(272): CodeIgniter\Autoloader\Autoloader->loadInNamespace('App\\Controllers\\UserController')
 3 [internal function]: CodeIgniter\Autoloader\Autoloader->loadClass('App\\Controllers\\UserController')
 4 SYSTEMPATH\CodeIgniter.php(887): class_exists('\\App\\Controllers\\UserController', true)
 5 SYSTEMPATH\CodeIgniter.php(496): CodeIgniter\CodeIgniter->startController()
 6 SYSTEMPATH\CodeIgniter.php(355): CodeIgniter\CodeIgniter->handleRequest(null, Object(Config\Cache), false)
 7 SYSTEMPATH\Boot.php(325): CodeIgniter\CodeIgniter->run()
 8 SYSTEMPATH\Boot.php(67): CodeIgniter\Boot::runCodeIgniter(Object(CodeIgniter\CodeIgniter))
 9 FCPATH\index.php(56): CodeIgniter\Boot::bootWeb(Object(Config\Paths))
10 ROOTPATH\index.php(7): require_once('D:\\x7\\htdocs\\thecup\\public\\index.php')
CRITICAL - 2026-01-14 05:10:22 --> ErrorException: Undefined array key "what_do_you_sell"
[Method: POST, Route: user/store]
in APPPATH\Views\front-end\login\signup.php on line 315.
 1 APPPATH\Views\front-end\login\signup.php(315): CodeIgniter\Debug\Exceptions->errorHandler(2, 'Undefined array key "what_do_you_sell"', 'D:\\x7\\htdocs\\thecup\\app\\Views\\front-end\\login\\signup.php', 315)
 2 SYSTEMPATH\View\View.php(234): include('D:\\x7\\htdocs\\thecup\\app\\Views\\front-end\\login\\signup.php')
 3 SYSTEMPATH\View\View.php(237): CodeIgniter\View\View->CodeIgniter\View\{closure}()
 4 SYSTEMPATH\Common.php(1171): CodeIgniter\View\View->render('front-end/login/signup', [], true)
 5 APPPATH\Controllers\UserController.php(421): view('front-end/login/signup', [...])
 6 SYSTEMPATH\CodeIgniter.php(933): App\Controllers\UserController->store()
 7 SYSTEMPATH\CodeIgniter.php(509): CodeIgniter\CodeIgniter->runController(Object(App\Controllers\UserController))
 8 SYSTEMPATH\CodeIgniter.php(355): CodeIgniter\CodeIgniter->handleRequest(null, Object(Config\Cache), false)
 9 SYSTEMPATH\Boot.php(325): CodeIgniter\CodeIgniter->run()
10 SYSTEMPATH\Boot.php(67): CodeIgniter\Boot::runCodeIgniter(Object(CodeIgniter\CodeIgniter))
11 FCPATH\index.php(56): CodeIgniter\Boot::bootWeb(Object(Config\Paths))
12 ROOTPATH\index.php(7): require_once('D:\\x7\\htdocs\\thecup\\public\\index.php')
ERROR - 2026-01-14 05:13:26 --> mysqli_sql_exception: Unknown column 'what_do_you_sell' in 'field list' in D:\x7\htdocs\thecup\system\Database\MySQLi\Connection.php:312
Stack trace:
#0 D:\x7\htdocs\thecup\system\Database\MySQLi\Connection.php(312): mysqli->query('INSERT INTO `ap...', 0)
#1 D:\x7\htdocs\thecup\system\Database\BaseConnection.php(734): CodeIgniter\Database\MySQLi\Connection->execute('INSERT INTO `ap...')
#2 D:\x7\htdocs\thecup\system\Database\BaseConnection.php(648): CodeIgniter\Database\BaseConnection->simpleQuery('INSERT INTO `ap...')
#3 D:\x7\htdocs\thecup\system\Database\BaseBuilder.php(2340): CodeIgniter\Database\BaseConnection->query('INSERT INTO `ap...', Array, false)
#4 D:\x7\htdocs\thecup\app\Models\BaseModel.php(101): CodeIgniter\Database\BaseBuilder->insert(Array)
#5 D:\x7\htdocs\thecup\app\Models\UserModel.php(289): App\Models\BaseModel->store(Array)
#6 D:\x7\htdocs\thecup\app\Controllers\UserController.php(320): App\Models\UserModel->store(Array)
#7 D:\x7\htdocs\thecup\system\CodeIgniter.php(933): App\Controllers\UserController->store()
#8 D:\x7\htdocs\thecup\system\CodeIgniter.php(509): CodeIgniter\CodeIgniter->runController(Object(App\Controllers\UserController))
#9 D:\x7\htdocs\thecup\system\CodeIgniter.php(355): CodeIgniter\CodeIgniter->handleRequest(NULL, Object(Config\Cache), false)
#10 D:\x7\htdocs\thecup\system\Boot.php(325): CodeIgniter\CodeIgniter->run()
#11 D:\x7\htdocs\thecup\system\Boot.php(67): CodeIgniter\Boot::runCodeIgniter(Object(CodeIgniter\CodeIgniter))
#12 D:\x7\htdocs\thecup\public\index.php(56): CodeIgniter\Boot::bootWeb(Object(Config\Paths))
#13 D:\x7\htdocs\thecup\index.php(7): require_once('D:\\x7\\htdocs\\th...')
#14 {main}
CRITICAL - 2026-01-14 05:13:26 --> CodeIgniter\Database\Exceptions\DatabaseException: Unknown column 'what_do_you_sell' in 'field list'
[Method: POST, Route: user/store]
in SYSTEMPATH\Database\BaseConnection.php on line 688.
 1 SYSTEMPATH\Database\BaseBuilder.php(2340): CodeIgniter\Database\BaseConnection->query('INSERT INTO `app_users` (`id`, `user_type`, `firstname`, `lastname`, `phone`, `username`, `email`, `signup_date`, `password`, `state`, `what_do_you_sell`, `switch`, `clientid`) VALUES (:id:, :user_type:, :firstname:, :lastname:, :phone:, :username:, :email:, :signup_date:, :password:, :state:, :what_do_you_sell:, :switch:, :clientid:)', [...], false)
 2 APPPATH\Models\BaseModel.php(101): CodeIgniter\Database\BaseBuilder->insert([...])
 3 APPPATH\Models\UserModel.php(289): App\Models\BaseModel->store([...])
 4 APPPATH\Controllers\UserController.php(320): App\Models\UserModel->store([...])
 5 SYSTEMPATH\CodeIgniter.php(933): App\Controllers\UserController->store()
 6 SYSTEMPATH\CodeIgniter.php(509): CodeIgniter\CodeIgniter->runController(Object(App\Controllers\UserController))
 7 SYSTEMPATH\CodeIgniter.php(355): CodeIgniter\CodeIgniter->handleRequest(null, Object(Config\Cache), false)
 8 SYSTEMPATH\Boot.php(325): CodeIgniter\CodeIgniter->run()
 9 SYSTEMPATH\Boot.php(67): CodeIgniter\Boot::runCodeIgniter(Object(CodeIgniter\CodeIgniter))
10 FCPATH\index.php(56): CodeIgniter\Boot::bootWeb(Object(Config\Paths))
11 ROOTPATH\index.php(7): require_once('D:\\x7\\htdocs\\thecup\\public\\index.php')
CRITICAL - 2026-01-14 05:13:26 --> [Caused by] CodeIgniter\Database\Exceptions\DatabaseException: Unknown column 'what_do_you_sell' in 'field list'
in SYSTEMPATH\Database\MySQLi\Connection.php on line 317.
 1 SYSTEMPATH\Database\BaseConnection.php(734): CodeIgniter\Database\MySQLi\Connection->execute('INSERT INTO `app_users` (`id`, `user_type`, `firstname`, `lastname`, `phone`, `username`, `email`, `signup_date`, `password`, `state`, `what_do_you_sell`, `switch`, `clientid`) VALUES (NULL, \'2\', \'cuong\', \'vota\', \'+61+61+61334551584\', \'admin@vcart.com111\', \'votacuong26081111@gmail.com\', \'2026-01-14\', \'$2y$10$mtmZWKHrXJ8bsj2sCAyEC.GW4Hiw4/Ly5XbtJSeQ1VMXFDqTBkTpu\', 1, \'Food and Drinks\', 1, \'KQV1WP\')')
 2 SYSTEMPATH\Database\BaseConnection.php(648): CodeIgniter\Database\BaseConnection->simpleQuery('INSERT INTO `app_users` (`id`, `user_type`, `firstname`, `lastname`, `phone`, `username`, `email`, `signup_date`, `password`, `state`, `what_do_you_sell`, `switch`, `clientid`) VALUES (NULL, \'2\', \'cuong\', \'vota\', \'+61+61+61334551584\', \'admin@vcart.com111\', \'votacuong26081111@gmail.com\', \'2026-01-14\', \'$2y$10$mtmZWKHrXJ8bsj2sCAyEC.GW4Hiw4/Ly5XbtJSeQ1VMXFDqTBkTpu\', 1, \'Food and Drinks\', 1, \'KQV1WP\')')
 3 SYSTEMPATH\Database\BaseBuilder.php(2340): CodeIgniter\Database\BaseConnection->query('INSERT INTO `app_users` (`id`, `user_type`, `firstname`, `lastname`, `phone`, `username`, `email`, `signup_date`, `password`, `state`, `what_do_you_sell`, `switch`, `clientid`) VALUES (:id:, :user_type:, :firstname:, :lastname:, :phone:, :username:, :email:, :signup_date:, :password:, :state:, :what_do_you_sell:, :switch:, :clientid:)', [...], false)
 4 APPPATH\Models\BaseModel.php(101): CodeIgniter\Database\BaseBuilder->insert([...])
 5 APPPATH\Models\UserModel.php(289): App\Models\BaseModel->store([...])
 6 APPPATH\Controllers\UserController.php(320): App\Models\UserModel->store([...])
 7 SYSTEMPATH\CodeIgniter.php(933): App\Controllers\UserController->store()
 8 SYSTEMPATH\CodeIgniter.php(509): CodeIgniter\CodeIgniter->runController(Object(App\Controllers\UserController))
 9 SYSTEMPATH\CodeIgniter.php(355): CodeIgniter\CodeIgniter->handleRequest(null, Object(Config\Cache), false)
10 SYSTEMPATH\Boot.php(325): CodeIgniter\CodeIgniter->run()
11 SYSTEMPATH\Boot.php(67): CodeIgniter\Boot::runCodeIgniter(Object(CodeIgniter\CodeIgniter))
12 FCPATH\index.php(56): CodeIgniter\Boot::bootWeb(Object(Config\Paths))
13 ROOTPATH\index.php(7): require_once('D:\\x7\\htdocs\\thecup\\public\\index.php')
CRITICAL - 2026-01-14 05:13:26 --> [Caused by] mysqli_sql_exception: Unknown column 'what_do_you_sell' in 'field list'
in SYSTEMPATH\Database\MySQLi\Connection.php on line 312.
 1 SYSTEMPATH\Database\MySQLi\Connection.php(312): mysqli->query('INSERT INTO `app_users` (`id`, `user_type`, `firstname`, `lastname`, `phone`, `username`, `email`, `signup_date`, `password`, `state`, `what_do_you_sell`, `switch`, `clientid`) VALUES (NULL, \'2\', \'cuong\', \'vota\', \'+61+61+61334551584\', \'admin@vcart.com111\', \'votacuong26081111@gmail.com\', \'2026-01-14\', \'$2y$10$mtmZWKHrXJ8bsj2sCAyEC.GW4Hiw4/Ly5XbtJSeQ1VMXFDqTBkTpu\', 1, \'Food and Drinks\', 1, \'KQV1WP\')', 0)
 2 SYSTEMPATH\Database\BaseConnection.php(734): CodeIgniter\Database\MySQLi\Connection->execute('INSERT INTO `app_users` (`id`, `user_type`, `firstname`, `lastname`, `phone`, `username`, `email`, `signup_date`, `password`, `state`, `what_do_you_sell`, `switch`, `clientid`) VALUES (NULL, \'2\', \'cuong\', \'vota\', \'+61+61+61334551584\', \'admin@vcart.com111\', \'votacuong26081111@gmail.com\', \'2026-01-14\', \'$2y$10$mtmZWKHrXJ8bsj2sCAyEC.GW4Hiw4/Ly5XbtJSeQ1VMXFDqTBkTpu\', 1, \'Food and Drinks\', 1, \'KQV1WP\')')
 3 SYSTEMPATH\Database\BaseConnection.php(648): CodeIgniter\Database\BaseConnection->simpleQuery('INSERT INTO `app_users` (`id`, `user_type`, `firstname`, `lastname`, `phone`, `username`, `email`, `signup_date`, `password`, `state`, `what_do_you_sell`, `switch`, `clientid`) VALUES (NULL, \'2\', \'cuong\', \'vota\', \'+61+61+61334551584\', \'admin@vcart.com111\', \'votacuong26081111@gmail.com\', \'2026-01-14\', \'$2y$10$mtmZWKHrXJ8bsj2sCAyEC.GW4Hiw4/Ly5XbtJSeQ1VMXFDqTBkTpu\', 1, \'Food and Drinks\', 1, \'KQV1WP\')')
 4 SYSTEMPATH\Database\BaseBuilder.php(2340): CodeIgniter\Database\BaseConnection->query('INSERT INTO `app_users` (`id`, `user_type`, `firstname`, `lastname`, `phone`, `username`, `email`, `signup_date`, `password`, `state`, `what_do_you_sell`, `switch`, `clientid`) VALUES (:id:, :user_type:, :firstname:, :lastname:, :phone:, :username:, :email:, :signup_date:, :password:, :state:, :what_do_you_sell:, :switch:, :clientid:)', [...], false)
 5 APPPATH\Models\BaseModel.php(101): CodeIgniter\Database\BaseBuilder->insert([...])
 6 APPPATH\Models\UserModel.php(289): App\Models\BaseModel->store([...])
 7 APPPATH\Controllers\UserController.php(320): App\Models\UserModel->store([...])
 8 SYSTEMPATH\CodeIgniter.php(933): App\Controllers\UserController->store()
 9 SYSTEMPATH\CodeIgniter.php(509): CodeIgniter\CodeIgniter->runController(Object(App\Controllers\UserController))
10 SYSTEMPATH\CodeIgniter.php(355): CodeIgniter\CodeIgniter->handleRequest(null, Object(Config\Cache), false)
11 SYSTEMPATH\Boot.php(325): CodeIgniter\CodeIgniter->run()
12 SYSTEMPATH\Boot.php(67): CodeIgniter\Boot::runCodeIgniter(Object(CodeIgniter\CodeIgniter))
13 FCPATH\index.php(56): CodeIgniter\Boot::bootWeb(Object(Config\Paths))
14 ROOTPATH\index.php(7): require_once('D:\\x7\\htdocs\\thecup\\public\\index.php')
CRITICAL - 2026-01-14 05:15:02 --> ParseError: syntax error, unexpected token "=>"
[Method: POST, Route: user/store]
in APPPATH\Controllers\UserController.php on line 422.
 1 SYSTEMPATH\Autoloader\Autoloader.php(296): CodeIgniter\Autoloader\Autoloader->includeFile('D:\\x7\\htdocs\\thecup\\app\\Controllers\\UserController.php')
 2 SYSTEMPATH\Autoloader\Autoloader.php(272): CodeIgniter\Autoloader\Autoloader->loadInNamespace('App\\Controllers\\UserController')
 3 [internal function]: CodeIgniter\Autoloader\Autoloader->loadClass('App\\Controllers\\UserController')
 4 SYSTEMPATH\CodeIgniter.php(887): class_exists('\\App\\Controllers\\UserController', true)
 5 SYSTEMPATH\CodeIgniter.php(496): CodeIgniter\CodeIgniter->startController()
 6 SYSTEMPATH\CodeIgniter.php(355): CodeIgniter\CodeIgniter->handleRequest(null, Object(Config\Cache), false)
 7 SYSTEMPATH\Boot.php(325): CodeIgniter\CodeIgniter->run()
 8 SYSTEMPATH\Boot.php(67): CodeIgniter\Boot::runCodeIgniter(Object(CodeIgniter\CodeIgniter))
 9 FCPATH\index.php(56): CodeIgniter\Boot::bootWeb(Object(Config\Paths))
10 ROOTPATH\index.php(7): require_once('D:\\x7\\htdocs\\thecup\\public\\index.php')
CRITICAL - 2026-01-14 05:15:55 --> ErrorException: Undefined array key "id"
[Method: POST, Route: user/store]
in APPPATH\Models\BaseModel.php on line 98.
 1 APPPATH\Models\BaseModel.php(98): CodeIgniter\Debug\Exceptions->errorHandler(2, 'Undefined array key "id"', 'D:\\x7\\htdocs\\thecup\\app\\Models\\BaseModel.php', 98)
 2 APPPATH\Controllers\UserController.php(334): App\Models\BaseModel->store([...])
 3 SYSTEMPATH\CodeIgniter.php(933): App\Controllers\UserController->store()
 4 SYSTEMPATH\CodeIgniter.php(509): CodeIgniter\CodeIgniter->runController(Object(App\Controllers\UserController))
 5 SYSTEMPATH\CodeIgniter.php(355): CodeIgniter\CodeIgniter->handleRequest(null, Object(Config\Cache), false)
 6 SYSTEMPATH\Boot.php(325): CodeIgniter\CodeIgniter->run()
 7 SYSTEMPATH\Boot.php(67): CodeIgniter\Boot::runCodeIgniter(Object(CodeIgniter\CodeIgniter))
 8 FCPATH\index.php(56): CodeIgniter\Boot::bootWeb(Object(Config\Paths))
 9 ROOTPATH\index.php(7): require_once('D:\\x7\\htdocs\\thecup\\public\\index.php')
CRITICAL - 2026-01-14 05:16:27 --> ParseError: syntax error, unexpected single-quoted string "vendor_id", expecting "]"
[Method: POST, Route: user/store]
in APPPATH\Controllers\UserController.php on line 338.
 1 SYSTEMPATH\Autoloader\Autoloader.php(296): CodeIgniter\Autoloader\Autoloader->includeFile('D:\\x7\\htdocs\\thecup\\app\\Controllers\\UserController.php')
 2 SYSTEMPATH\Autoloader\Autoloader.php(272): CodeIgniter\Autoloader\Autoloader->loadInNamespace('App\\Controllers\\UserController')
 3 [internal function]: CodeIgniter\Autoloader\Autoloader->loadClass('App\\Controllers\\UserController')
 4 SYSTEMPATH\CodeIgniter.php(887): class_exists('\\App\\Controllers\\UserController', true)
 5 SYSTEMPATH\CodeIgniter.php(496): CodeIgniter\CodeIgniter->startController()
 6 SYSTEMPATH\CodeIgniter.php(355): CodeIgniter\CodeIgniter->handleRequest(null, Object(Config\Cache), false)
 7 SYSTEMPATH\Boot.php(325): CodeIgniter\CodeIgniter->run()
 8 SYSTEMPATH\Boot.php(67): CodeIgniter\Boot::runCodeIgniter(Object(CodeIgniter\CodeIgniter))
 9 FCPATH\index.php(56): CodeIgniter\Boot::bootWeb(Object(Config\Paths))
10 ROOTPATH\index.php(7): require_once('D:\\x7\\htdocs\\thecup\\public\\index.php')
CRITICAL - 2026-01-14 05:17:49 --> ParseError: syntax error, unexpected single-quoted string "vendor_id", expecting "]"
[Method: POST, Route: user/store]
in APPPATH\Controllers\UserController.php on line 338.
 1 SYSTEMPATH\Autoloader\Autoloader.php(296): CodeIgniter\Autoloader\Autoloader->includeFile('D:\\x7\\htdocs\\thecup\\app\\Controllers\\UserController.php')
 2 SYSTEMPATH\Autoloader\Autoloader.php(272): CodeIgniter\Autoloader\Autoloader->loadInNamespace('App\\Controllers\\UserController')
 3 [internal function]: CodeIgniter\Autoloader\Autoloader->loadClass('App\\Controllers\\UserController')
 4 SYSTEMPATH\CodeIgniter.php(887): class_exists('\\App\\Controllers\\UserController', true)
 5 SYSTEMPATH\CodeIgniter.php(496): CodeIgniter\CodeIgniter->startController()
 6 SYSTEMPATH\CodeIgniter.php(355): CodeIgniter\CodeIgniter->handleRequest(null, Object(Config\Cache), false)
 7 SYSTEMPATH\Boot.php(325): CodeIgniter\CodeIgniter->run()
 8 SYSTEMPATH\Boot.php(67): CodeIgniter\Boot::runCodeIgniter(Object(CodeIgniter\CodeIgniter))
 9 FCPATH\index.php(56): CodeIgniter\Boot::bootWeb(Object(Config\Paths))
10 ROOTPATH\index.php(7): require_once('D:\\x7\\htdocs\\thecup\\public\\index.php')
CRITICAL - 2026-01-14 05:18:19 --> ParseError: syntax error, unexpected single-quoted string "vendor_id", expecting "]"
[Method: POST, Route: user/store]
in APPPATH\Controllers\UserController.php on line 338.
 1 SYSTEMPATH\Autoloader\Autoloader.php(296): CodeIgniter\Autoloader\Autoloader->includeFile('D:\\x7\\htdocs\\thecup\\app\\Controllers\\UserController.php')
 2 SYSTEMPATH\Autoloader\Autoloader.php(272): CodeIgniter\Autoloader\Autoloader->loadInNamespace('App\\Controllers\\UserController')
 3 [internal function]: CodeIgniter\Autoloader\Autoloader->loadClass('App\\Controllers\\UserController')
 4 SYSTEMPATH\CodeIgniter.php(887): class_exists('\\App\\Controllers\\UserController', true)
 5 SYSTEMPATH\CodeIgniter.php(496): CodeIgniter\CodeIgniter->startController()
 6 SYSTEMPATH\CodeIgniter.php(355): CodeIgniter\CodeIgniter->handleRequest(null, Object(Config\Cache), false)
 7 SYSTEMPATH\Boot.php(325): CodeIgniter\CodeIgniter->run()
 8 SYSTEMPATH\Boot.php(67): CodeIgniter\Boot::runCodeIgniter(Object(CodeIgniter\CodeIgniter))
 9 FCPATH\index.php(56): CodeIgniter\Boot::bootWeb(Object(Config\Paths))
10 ROOTPATH\index.php(7): require_once('D:\\x7\\htdocs\\thecup\\public\\index.php')
CRITICAL - 2026-01-14 05:18:59 --> ErrorException: Undefined array key "firstname"
[Method: POST, Route: user/store]
in APPPATH\Controllers\UserController.php on line 363.
 1 APPPATH\Controllers\UserController.php(363): CodeIgniter\Debug\Exceptions->errorHandler(2, 'Undefined array key "firstname"', 'D:\\x7\\htdocs\\thecup\\app\\Controllers\\UserController.php', 363)
 2 SYSTEMPATH\CodeIgniter.php(933): App\Controllers\UserController->store()
 3 SYSTEMPATH\CodeIgniter.php(509): CodeIgniter\CodeIgniter->runController(Object(App\Controllers\UserController))
 4 SYSTEMPATH\CodeIgniter.php(355): CodeIgniter\CodeIgniter->handleRequest(null, Object(Config\Cache), false)
 5 SYSTEMPATH\Boot.php(325): CodeIgniter\CodeIgniter->run()
 6 SYSTEMPATH\Boot.php(67): CodeIgniter\Boot::runCodeIgniter(Object(CodeIgniter\CodeIgniter))
 7 FCPATH\index.php(56): CodeIgniter\Boot::bootWeb(Object(Config\Paths))
 8 ROOTPATH\index.php(7): require_once('D:\\x7\\htdocs\\thecup\\public\\index.php')
CRITICAL - 2026-01-14 05:41:06 --> ErrorException: syntax error, unexpected end of file, expecting TC_DOLLAR_CURLY or TC_QUOTED_STRING or '"' in D:\x7\htdocs\thecup\app/Language/countries/Chinese.ini on line 905

[Method: GET, Route: /]
in APPPATH\Common.php on line 37.
 1 [internal function]: CodeIgniter\Debug\Exceptions->errorHandler(2, 'syntax error, unexpected end of file, expecting TC_DOLLAR_CURLY or TC_QUOTED_STRING or \'"\' in D:\\x7\\htdocs\\thecup\\app/Language/countries/Chinese.ini on line 905
', 'D:\\x7\\htdocs\\thecup\\app\\Common.php', 37)
 2 APPPATH\Common.php(37): parse_ini_file('D:\\x7\\htdocs\\thecup\\app/Language/countries/Chinese.ini')
 3 APPPATH\Views\front-end\components\navbar.php(3): VLang::__e('THECUP_LOGON')
 4 APPPATH\Views\front-end\main.php(5): include('D:\\x7\\htdocs\\thecup\\app\\Views\\front-end\\components\\navbar.php')
 5 SYSTEMPATH\View\View.php(234): include('D:\\x7\\htdocs\\thecup\\app\\Views\\front-end\\main.php')
 6 SYSTEMPATH\View\View.php(237): CodeIgniter\View\View->CodeIgniter\View\{closure}()
 7 SYSTEMPATH\Common.php(1171): CodeIgniter\View\View->render('front-end/main', [], true)
 8 APPPATH\Controllers\Home.php(21): view('front-end/main', [...])
 9 SYSTEMPATH\CodeIgniter.php(933): App\Controllers\Home->index()
10 SYSTEMPATH\CodeIgniter.php(509): CodeIgniter\CodeIgniter->runController(Object(App\Controllers\Home))
11 SYSTEMPATH\CodeIgniter.php(355): CodeIgniter\CodeIgniter->handleRequest(null, Object(Config\Cache), false)
12 SYSTEMPATH\Boot.php(325): CodeIgniter\CodeIgniter->run()
13 SYSTEMPATH\Boot.php(67): CodeIgniter\Boot::runCodeIgniter(Object(CodeIgniter\CodeIgniter))
14 FCPATH\index.php(56): CodeIgniter\Boot::bootWeb(Object(Config\Paths))
15 ROOTPATH\index.php(7): require_once('D:\\x7\\htdocs\\thecup\\public\\index.php')
CRITICAL - 2026-01-14 05:42:02 --> ErrorException: syntax error, unexpected end of file, expecting TC_DOLLAR_CURLY or TC_QUOTED_STRING or '"' in D:\x7\htdocs\thecup\app/Language/countries/Chinese.ini on line 905

[Method: GET, Route: /]
in APPPATH\Common.php on line 37.
 1 [internal function]: CodeIgniter\Debug\Exceptions->errorHandler(2, 'syntax error, unexpected end of file, expecting TC_DOLLAR_CURLY or TC_QUOTED_STRING or \'"\' in D:\\x7\\htdocs\\thecup\\app/Language/countries/Chinese.ini on line 905
', 'D:\\x7\\htdocs\\thecup\\app\\Common.php', 37)
 2 APPPATH\Common.php(37): parse_ini_file('D:\\x7\\htdocs\\thecup\\app/Language/countries/Chinese.ini')
 3 APPPATH\Views\front-end\components\navbar.php(3): VLang::__e('THECUP_LOGON')
 4 APPPATH\Views\front-end\main.php(5): include('D:\\x7\\htdocs\\thecup\\app\\Views\\front-end\\components\\navbar.php')
 5 SYSTEMPATH\View\View.php(234): include('D:\\x7\\htdocs\\thecup\\app\\Views\\front-end\\main.php')
 6 SYSTEMPATH\View\View.php(237): CodeIgniter\View\View->CodeIgniter\View\{closure}()
 7 SYSTEMPATH\Common.php(1171): CodeIgniter\View\View->render('front-end/main', [], true)
 8 APPPATH\Controllers\Home.php(21): view('front-end/main', [...])
 9 SYSTEMPATH\CodeIgniter.php(933): App\Controllers\Home->index()
10 SYSTEMPATH\CodeIgniter.php(509): CodeIgniter\CodeIgniter->runController(Object(App\Controllers\Home))
11 SYSTEMPATH\CodeIgniter.php(355): CodeIgniter\CodeIgniter->handleRequest(null, Object(Config\Cache), false)
12 SYSTEMPATH\Boot.php(325): CodeIgniter\CodeIgniter->run()
13 SYSTEMPATH\Boot.php(67): CodeIgniter\Boot::runCodeIgniter(Object(CodeIgniter\CodeIgniter))
14 FCPATH\index.php(56): CodeIgniter\Boot::bootWeb(Object(Config\Paths))
15 ROOTPATH\index.php(7): require_once('D:\\x7\\htdocs\\thecup\\public\\index.php')
CRITICAL - 2026-01-14 05:42:31 --> ErrorException: syntax error, unexpected end of file, expecting TC_DOLLAR_CURLY or TC_QUOTED_STRING or '"' in D:\x7\htdocs\thecup\app/Language/countries/Chinese.ini on line 871

[Method: GET, Route: /]
in APPPATH\Common.php on line 37.
 1 [internal function]: CodeIgniter\Debug\Exceptions->errorHandler(2, 'syntax error, unexpected end of file, expecting TC_DOLLAR_CURLY or TC_QUOTED_STRING or \'"\' in D:\\x7\\htdocs\\thecup\\app/Language/countries/Chinese.ini on line 871
', 'D:\\x7\\htdocs\\thecup\\app\\Common.php', 37)
 2 APPPATH\Common.php(37): parse_ini_file('D:\\x7\\htdocs\\thecup\\app/Language/countries/Chinese.ini')
 3 APPPATH\Views\front-end\components\navbar.php(3): VLang::__e('THECUP_LOGON')
 4 APPPATH\Views\front-end\main.php(5): include('D:\\x7\\htdocs\\thecup\\app\\Views\\front-end\\components\\navbar.php')
 5 SYSTEMPATH\View\View.php(234): include('D:\\x7\\htdocs\\thecup\\app\\Views\\front-end\\main.php')
 6 SYSTEMPATH\View\View.php(237): CodeIgniter\View\View->CodeIgniter\View\{closure}()
 7 SYSTEMPATH\Common.php(1171): CodeIgniter\View\View->render('front-end/main', [], true)
 8 APPPATH\Controllers\Home.php(21): view('front-end/main', [...])
 9 SYSTEMPATH\CodeIgniter.php(933): App\Controllers\Home->index()
10 SYSTEMPATH\CodeIgniter.php(509): CodeIgniter\CodeIgniter->runController(Object(App\Controllers\Home))
11 SYSTEMPATH\CodeIgniter.php(355): CodeIgniter\CodeIgniter->handleRequest(null, Object(Config\Cache), false)
12 SYSTEMPATH\Boot.php(325): CodeIgniter\CodeIgniter->run()
13 SYSTEMPATH\Boot.php(67): CodeIgniter\Boot::runCodeIgniter(Object(CodeIgniter\CodeIgniter))
14 FCPATH\index.php(56): CodeIgniter\Boot::bootWeb(Object(Config\Paths))
15 ROOTPATH\index.php(7): require_once('D:\\x7\\htdocs\\thecup\\public\\index.php')
CRITICAL - 2026-01-14 05:45:15 --> ErrorException: syntax error, unexpected end of file, expecting TC_DOLLAR_CURLY or TC_QUOTED_STRING or '"' in D:\x7\htdocs\thecup\app/Language/countries/Spanish.ini on line 869

[Method: GET, Route: /]
in APPPATH\Common.php on line 37.
 1 [internal function]: CodeIgniter\Debug\Exceptions->errorHandler(2, 'syntax error, unexpected end of file, expecting TC_DOLLAR_CURLY or TC_QUOTED_STRING or \'"\' in D:\\x7\\htdocs\\thecup\\app/Language/countries/Spanish.ini on line 869
', 'D:\\x7\\htdocs\\thecup\\app\\Common.php', 37)
 2 APPPATH\Common.php(37): parse_ini_file('D:\\x7\\htdocs\\thecup\\app/Language/countries/Spanish.ini')
 3 APPPATH\Views\front-end\components\navbar.php(3): VLang::__e('THECUP_LOGON')
 4 APPPATH\Views\front-end\main.php(5): include('D:\\x7\\htdocs\\thecup\\app\\Views\\front-end\\components\\navbar.php')
 5 SYSTEMPATH\View\View.php(234): include('D:\\x7\\htdocs\\thecup\\app\\Views\\front-end\\main.php')
 6 SYSTEMPATH\View\View.php(237): CodeIgniter\View\View->CodeIgniter\View\{closure}()
 7 SYSTEMPATH\Common.php(1171): CodeIgniter\View\View->render('front-end/main', [], true)
 8 APPPATH\Controllers\Home.php(21): view('front-end/main', [...])
 9 SYSTEMPATH\CodeIgniter.php(933): App\Controllers\Home->index()
10 SYSTEMPATH\CodeIgniter.php(509): CodeIgniter\CodeIgniter->runController(Object(App\Controllers\Home))
11 SYSTEMPATH\CodeIgniter.php(355): CodeIgniter\CodeIgniter->handleRequest(null, Object(Config\Cache), false)
12 SYSTEMPATH\Boot.php(325): CodeIgniter\CodeIgniter->run()
13 SYSTEMPATH\Boot.php(67): CodeIgniter\Boot::runCodeIgniter(Object(CodeIgniter\CodeIgniter))
14 FCPATH\index.php(56): CodeIgniter\Boot::bootWeb(Object(Config\Paths))
15 ROOTPATH\index.php(7): require_once('D:\\x7\\htdocs\\thecup\\public\\index.php')
CRITICAL - 2026-01-14 05:45:36 --> ErrorException: syntax error, unexpected end of file, expecting TC_DOLLAR_CURLY or TC_QUOTED_STRING or '"' in D:\x7\htdocs\thecup\app/Language/countries/Spanish.ini on line 870

[Method: GET, Route: /]
in APPPATH\Common.php on line 37.
 1 [internal function]: CodeIgniter\Debug\Exceptions->errorHandler(2, 'syntax error, unexpected end of file, expecting TC_DOLLAR_CURLY or TC_QUOTED_STRING or \'"\' in D:\\x7\\htdocs\\thecup\\app/Language/countries/Spanish.ini on line 870
', 'D:\\x7\\htdocs\\thecup\\app\\Common.php', 37)
 2 APPPATH\Common.php(37): parse_ini_file('D:\\x7\\htdocs\\thecup\\app/Language/countries/Spanish.ini')
 3 APPPATH\Views\front-end\components\navbar.php(3): VLang::__e('THECUP_LOGON')
 4 APPPATH\Views\front-end\main.php(5): include('D:\\x7\\htdocs\\thecup\\app\\Views\\front-end\\components\\navbar.php')
 5 SYSTEMPATH\View\View.php(234): include('D:\\x7\\htdocs\\thecup\\app\\Views\\front-end\\main.php')
 6 SYSTEMPATH\View\View.php(237): CodeIgniter\View\View->CodeIgniter\View\{closure}()
 7 SYSTEMPATH\Common.php(1171): CodeIgniter\View\View->render('front-end/main', [], true)
 8 APPPATH\Controllers\Home.php(21): view('front-end/main', [...])
 9 SYSTEMPATH\CodeIgniter.php(933): App\Controllers\Home->index()
10 SYSTEMPATH\CodeIgniter.php(509): CodeIgniter\CodeIgniter->runController(Object(App\Controllers\Home))
11 SYSTEMPATH\CodeIgniter.php(355): CodeIgniter\CodeIgniter->handleRequest(null, Object(Config\Cache), false)
12 SYSTEMPATH\Boot.php(325): CodeIgniter\CodeIgniter->run()
13 SYSTEMPATH\Boot.php(67): CodeIgniter\Boot::runCodeIgniter(Object(CodeIgniter\CodeIgniter))
14 FCPATH\index.php(56): CodeIgniter\Boot::bootWeb(Object(Config\Paths))
15 ROOTPATH\index.php(7): require_once('D:\\x7\\htdocs\\thecup\\public\\index.php')
CRITICAL - 2026-01-14 05:46:09 --> ErrorException: syntax error, unexpected end of file, expecting TC_DOLLAR_CURLY or TC_QUOTED_STRING or '"' in D:\x7\htdocs\thecup\app/Language/countries/Spanish.ini on line 851

[Method: GET, Route: /]
in APPPATH\Common.php on line 37.
 1 [internal function]: CodeIgniter\Debug\Exceptions->errorHandler(2, 'syntax error, unexpected end of file, expecting TC_DOLLAR_CURLY or TC_QUOTED_STRING or \'"\' in D:\\x7\\htdocs\\thecup\\app/Language/countries/Spanish.ini on line 851
', 'D:\\x7\\htdocs\\thecup\\app\\Common.php', 37)
 2 APPPATH\Common.php(37): parse_ini_file('D:\\x7\\htdocs\\thecup\\app/Language/countries/Spanish.ini')
 3 APPPATH\Views\front-end\components\navbar.php(3): VLang::__e('THECUP_LOGON')
 4 APPPATH\Views\front-end\main.php(5): include('D:\\x7\\htdocs\\thecup\\app\\Views\\front-end\\components\\navbar.php')
 5 SYSTEMPATH\View\View.php(234): include('D:\\x7\\htdocs\\thecup\\app\\Views\\front-end\\main.php')
 6 SYSTEMPATH\View\View.php(237): CodeIgniter\View\View->CodeIgniter\View\{closure}()
 7 SYSTEMPATH\Common.php(1171): CodeIgniter\View\View->render('front-end/main', [], true)
 8 APPPATH\Controllers\Home.php(21): view('front-end/main', [...])
 9 SYSTEMPATH\CodeIgniter.php(933): App\Controllers\Home->index()
10 SYSTEMPATH\CodeIgniter.php(509): CodeIgniter\CodeIgniter->runController(Object(App\Controllers\Home))
11 SYSTEMPATH\CodeIgniter.php(355): CodeIgniter\CodeIgniter->handleRequest(null, Object(Config\Cache), false)
12 SYSTEMPATH\Boot.php(325): CodeIgniter\CodeIgniter->run()
13 SYSTEMPATH\Boot.php(67): CodeIgniter\Boot::runCodeIgniter(Object(CodeIgniter\CodeIgniter))
14 FCPATH\index.php(56): CodeIgniter\Boot::bootWeb(Object(Config\Paths))
15 ROOTPATH\index.php(7): require_once('D:\\x7\\htdocs\\thecup\\public\\index.php')
CRITICAL - 2026-01-14 07:55:20 --> ErrorException: Undefined array key "protomion"
[Method: GET, Route: user/signup]
in APPPATH\Views\front-end\login\signup.php on line 349.
 1 APPPATH\Views\front-end\login\signup.php(349): CodeIgniter\Debug\Exceptions->errorHandler(2, 'Undefined array key "protomion"', 'D:\\x7\\htdocs\\thecup\\app\\Views\\front-end\\login\\signup.php', 349)
 2 SYSTEMPATH\View\View.php(234): include('D:\\x7\\htdocs\\thecup\\app\\Views\\front-end\\login\\signup.php')
 3 SYSTEMPATH\View\View.php(237): CodeIgniter\View\View->CodeIgniter\View\{closure}()
 4 SYSTEMPATH\Common.php(1171): CodeIgniter\View\View->render('front-end/login/signup', [], true)
 5 APPPATH\Controllers\UserController.php(150): view('front-end/login/signup', [...])
 6 SYSTEMPATH\CodeIgniter.php(933): App\Controllers\UserController->signup()
 7 SYSTEMPATH\CodeIgniter.php(509): CodeIgniter\CodeIgniter->runController(Object(App\Controllers\UserController))
 8 SYSTEMPATH\CodeIgniter.php(355): CodeIgniter\CodeIgniter->handleRequest(null, Object(Config\Cache), false)
 9 SYSTEMPATH\Boot.php(325): CodeIgniter\CodeIgniter->run()
10 SYSTEMPATH\Boot.php(67): CodeIgniter\Boot::runCodeIgniter(Object(CodeIgniter\CodeIgniter))
11 FCPATH\index.php(56): CodeIgniter\Boot::bootWeb(Object(Config\Paths))
12 ROOTPATH\index.php(7): require_once('D:\\x7\\htdocs\\thecup\\public\\index.php')
