CRITICAL - 2026-02-05 02:26:59 --> ErrorException: Undefined array key "custom_price"
[Method: POST, Route: cart/complete_payment]
in APPPATH\Controllers\CartController.php on line 376.
 1 APPPATH\Controllers\CartController.php(376): CodeIgniter\Debug\Exceptions->errorHandler(2, 'Undefined array key "custom_price"', 'D:\\x8\\htdocs\\thecup\\app\\Controllers\\CartController.php', 376)
 2 SYSTEMPATH\CodeIgniter.php(933): App\Controllers\CartController->complete_payment()
 3 SYSTEMPATH\CodeIgniter.php(509): CodeIgniter\CodeIgniter->runController(Object(App\Controllers\CartController))
 4 SYSTEMPATH\CodeIgniter.php(355): CodeIgniter\CodeIgniter->handleRequest(null, Object(Config\Cache), false)
 5 SYSTEMPATH\Boot.php(325): CodeIgniter\CodeIgniter->run()
 6 SYSTEMPATH\Boot.php(67): CodeIgniter\Boot::runCodeIgniter(Object(CodeIgniter\CodeIgniter))
 7 FCPATH\index.php(56): CodeIgniter\Boot::bootWeb(Object(Config\Paths))
 8 ROOTPATH\index.php(7): require_once('D:\\x8\\htdocs\\thecup\\public\\index.php')
CRITICAL - 2026-02-05 02:28:42 --> ErrorException: Undefined array key "custom_price"
[Method: POST, Route: cart/complete_payment]
in APPPATH\Controllers\CartController.php on line 376.
 1 APPPATH\Controllers\CartController.php(376): CodeIgniter\Debug\Exceptions->errorHandler(2, 'Undefined array key "custom_price"', 'D:\\x8\\htdocs\\thecup\\app\\Controllers\\CartController.php', 376)
 2 SYSTEMPATH\CodeIgniter.php(933): App\Controllers\CartController->complete_payment()
 3 SYSTEMPATH\CodeIgniter.php(509): CodeIgniter\CodeIgniter->runController(Object(App\Controllers\CartController))
 4 SYSTEMPATH\CodeIgniter.php(355): CodeIgniter\CodeIgniter->handleRequest(null, Object(Config\Cache), false)
 5 SYSTEMPATH\Boot.php(325): CodeIgniter\CodeIgniter->run()
 6 SYSTEMPATH\Boot.php(67): CodeIgniter\Boot::runCodeIgniter(Object(CodeIgniter\CodeIgniter))
 7 FCPATH\index.php(56): CodeIgniter\Boot::bootWeb(Object(Config\Paths))
 8 ROOTPATH\index.php(7): require_once('D:\\x8\\htdocs\\thecup\\public\\index.php')
